Archive member included to satisfy reference by file (symbol)

C:/ST/STM32CubeIDE_1.14.1/STM32CubeIDE/plugins/com.st.stm32cube.ide.mcu.externaltools.gnu-tools-for-stm32.11.3.rel1.win32_1.1.100.202309141235/tools/bin/../lib/gcc/arm-none-eabi/11.3.1/../../../../arm-none-eabi/lib/thumb/v7e-m+dp/hard\libc_nano.a(libc_a-exit.o)
                              C:/ST/STM32CubeIDE_1.14.1/STM32CubeIDE/plugins/com.st.stm32cube.ide.mcu.externaltools.gnu-tools-for-stm32.11.3.rel1.win32_1.1.100.202309141235/tools/bin/../lib/gcc/arm-none-eabi/11.3.1/../../../../arm-none-eabi/lib/thumb/v7e-m+dp/hard/crt0.o (exit)
C:/ST/STM32CubeIDE_1.14.1/STM32CubeIDE/plugins/com.st.stm32cube.ide.mcu.externaltools.gnu-tools-for-stm32.11.3.rel1.win32_1.1.100.202309141235/tools/bin/../lib/gcc/arm-none-eabi/11.3.1/../../../../arm-none-eabi/lib/thumb/v7e-m+dp/hard\libc_nano.a(libc_a-findfp.o)
                              C:/ST/STM32CubeIDE_1.14.1/STM32CubeIDE/plugins/com.st.stm32cube.ide.mcu.externaltools.gnu-tools-for-stm32.11.3.rel1.win32_1.1.100.202309141235/tools/bin/../lib/gcc/arm-none-eabi/11.3.1/../../../../arm-none-eabi/lib/thumb/v7e-m+dp/hard\libc_nano.a(libc_a-exit.o) (__stdio_exit_handler)
C:/ST/STM32CubeIDE_1.14.1/STM32CubeIDE/plugins/com.st.stm32cube.ide.mcu.externaltools.gnu-tools-for-stm32.11.3.rel1.win32_1.1.100.202309141235/tools/bin/../lib/gcc/arm-none-eabi/11.3.1/../../../../arm-none-eabi/lib/thumb/v7e-m+dp/hard\libc_nano.a(libc_a-fwalk.o)
                              C:/ST/STM32CubeIDE_1.14.1/STM32CubeIDE/plugins/com.st.stm32cube.ide.mcu.externaltools.gnu-tools-for-stm32.11.3.rel1.win32_1.1.100.202309141235/tools/bin/../lib/gcc/arm-none-eabi/11.3.1/../../../../arm-none-eabi/lib/thumb/v7e-m+dp/hard\libc_nano.a(libc_a-findfp.o) (_fwalk_sglue)
C:/ST/STM32CubeIDE_1.14.1/STM32CubeIDE/plugins/com.st.stm32cube.ide.mcu.externaltools.gnu-tools-for-stm32.11.3.rel1.win32_1.1.100.202309141235/tools/bin/../lib/gcc/arm-none-eabi/11.3.1/../../../../arm-none-eabi/lib/thumb/v7e-m+dp/hard\libc_nano.a(libc_a-stdio.o)
                              C:/ST/STM32CubeIDE_1.14.1/STM32CubeIDE/plugins/com.st.stm32cube.ide.mcu.externaltools.gnu-tools-for-stm32.11.3.rel1.win32_1.1.100.202309141235/tools/bin/../lib/gcc/arm-none-eabi/11.3.1/../../../../arm-none-eabi/lib/thumb/v7e-m+dp/hard\libc_nano.a(libc_a-findfp.o) (__sread)
C:/ST/STM32CubeIDE_1.14.1/STM32CubeIDE/plugins/com.st.stm32cube.ide.mcu.externaltools.gnu-tools-for-stm32.11.3.rel1.win32_1.1.100.202309141235/tools/bin/../lib/gcc/arm-none-eabi/11.3.1/../../../../arm-none-eabi/lib/thumb/v7e-m+dp/hard\libc_nano.a(libc_a-memset.o)
                              C:/ST/STM32CubeIDE_1.14.1/STM32CubeIDE/plugins/com.st.stm32cube.ide.mcu.externaltools.gnu-tools-for-stm32.11.3.rel1.win32_1.1.100.202309141235/tools/bin/../lib/gcc/arm-none-eabi/11.3.1/../../../../arm-none-eabi/lib/thumb/v7e-m+dp/hard/crt0.o (memset)
C:/ST/STM32CubeIDE_1.14.1/STM32CubeIDE/plugins/com.st.stm32cube.ide.mcu.externaltools.gnu-tools-for-stm32.11.3.rel1.win32_1.1.100.202309141235/tools/bin/../lib/gcc/arm-none-eabi/11.3.1/../../../../arm-none-eabi/lib/thumb/v7e-m+dp/hard\libc_nano.a(libc_a-closer.o)
                              C:/ST/STM32CubeIDE_1.14.1/STM32CubeIDE/plugins/com.st.stm32cube.ide.mcu.externaltools.gnu-tools-for-stm32.11.3.rel1.win32_1.1.100.202309141235/tools/bin/../lib/gcc/arm-none-eabi/11.3.1/../../../../arm-none-eabi/lib/thumb/v7e-m+dp/hard\libc_nano.a(libc_a-stdio.o) (_close_r)
C:/ST/STM32CubeIDE_1.14.1/STM32CubeIDE/plugins/com.st.stm32cube.ide.mcu.externaltools.gnu-tools-for-stm32.11.3.rel1.win32_1.1.100.202309141235/tools/bin/../lib/gcc/arm-none-eabi/11.3.1/../../../../arm-none-eabi/lib/thumb/v7e-m+dp/hard\libc_nano.a(libc_a-reent.o)
                              C:/ST/STM32CubeIDE_1.14.1/STM32CubeIDE/plugins/com.st.stm32cube.ide.mcu.externaltools.gnu-tools-for-stm32.11.3.rel1.win32_1.1.100.202309141235/tools/bin/../lib/gcc/arm-none-eabi/11.3.1/../../../../arm-none-eabi/lib/thumb/v7e-m+dp/hard\libc_nano.a(libc_a-closer.o) (errno)
C:/ST/STM32CubeIDE_1.14.1/STM32CubeIDE/plugins/com.st.stm32cube.ide.mcu.externaltools.gnu-tools-for-stm32.11.3.rel1.win32_1.1.100.202309141235/tools/bin/../lib/gcc/arm-none-eabi/11.3.1/../../../../arm-none-eabi/lib/thumb/v7e-m+dp/hard\libc_nano.a(libc_a-impure.o)
                              C:/ST/STM32CubeIDE_1.14.1/STM32CubeIDE/plugins/com.st.stm32cube.ide.mcu.externaltools.gnu-tools-for-stm32.11.3.rel1.win32_1.1.100.202309141235/tools/bin/../lib/gcc/arm-none-eabi/11.3.1/../../../../arm-none-eabi/lib/thumb/v7e-m+dp/hard\libc_nano.a(libc_a-reent.o) (_impure_ptr)
C:/ST/STM32CubeIDE_1.14.1/STM32CubeIDE/plugins/com.st.stm32cube.ide.mcu.externaltools.gnu-tools-for-stm32.11.3.rel1.win32_1.1.100.202309141235/tools/bin/../lib/gcc/arm-none-eabi/11.3.1/../../../../arm-none-eabi/lib/thumb/v7e-m+dp/hard\libc_nano.a(libc_a-lseekr.o)
[...]
Memory Configuration

Name             Origin             Length             Attributes
ITCMRAM          0x0000000000000000 0x0000000000010000 xrw
DTCMRAM          0x0000000020000000 0x0000000000020000 xrw
FLASH            0x0000000008000000 0x0000000000100000 xr
RAM_D1           0x0000000024000000 0x0000000000050000 xrw
RAM_D2           0x0000000030000000 0x0000000000008000 xrw
RAM_D3           0x0000000038000000 0x0000000000004000 xrw
*default*        0x0000000000000000 0xffffffffffffffff

Linker script and memory map

LOAD C:/ST/STM32CubeIDE_1.14.1/STM32CubeIDE/plugins/com.st.stm32cube.ide.mcu.externaltools.gnu-tools-for-stm32.11.3.rel1.win32_1.1.100.202309141235/tools/bin/../lib/gcc/arm-none-eabi/11.3.1/thumb/v7e-m+dp/hard/crti.o
LOAD C:/ST/STM32CubeIDE_1.14.1/STM32CubeIDE/plugins/com.st.stm32cube.ide.mcu.externaltools.gnu-tools-for-stm32.11.3.rel1.win32_1.1.100.202309141235/tools/bin/../lib/gcc/arm-none-eabi/11.3.1/thumb/v7e-m+dp/hard/crtbegin.o
LOAD C:/ST/STM32CubeIDE_1.14.1/STM32CubeIDE/plugins/com.st.stm32cube.ide.mcu.externaltools.gnu-tools-for-stm32.11.3.rel1.win32_1.1.100.202309141235/tools/bin/../lib/gcc/arm-none-eabi/11.3.1/../../../../arm-none-eabi/lib/thumb/v7e-m+dp/hard/crt0.o
LOAD ./Core/Src/main.o
LOAD ./Core/Src/stm32h7xx_hal_msp.o
LOAD ./Core/Src/stm32h7xx_it.o
LOAD ./Core/Src/syscalls.o
LOAD ./Core/Src/sysmem.o
LOAD ./Core/Src/system_stm32h7xx.o
LOAD ./Core/Startup/startup_stm32h723zgtx.o
LOAD ./Drivers/STM32H7xx_HAL_Driver/Src/stm32h7xx_hal.o
LOAD ./Drivers/STM32H7xx_HAL_Driver/Src/stm32h7xx_hal_cortex.o
LOAD ./Drivers/STM32H7xx_HAL_Driver/Src/stm32h7xx_hal_dma.o
LOAD ./Drivers/STM32H7xx_HAL_Driver/Src/stm32h7xx_hal_dma_ex.o
LOAD ./Drivers/STM32H7xx_HAL_Driver/Src/stm32h7xx_hal_eth.o
LOAD ./Drivers/STM32H7xx_HAL_Driver/Src/stm32h7xx_hal_eth_ex.o
LOAD ./Drivers/STM32H7xx_HAL_Driver/Src/stm32h7xx_hal_exti.o
LOAD ./Drivers/STM32H7xx_HAL_Driver/Src/stm32h7xx_hal_flash.o
LOAD ./Drivers/STM32H7xx_HAL_Driver/Src/stm32h7xx_hal_flash_ex.o
LOAD ./Drivers/STM32H7xx_HAL_Driver/Src/stm32h7xx_hal_gpio.o
LOAD ./Drivers/STM32H7xx_HAL_Driver/Src/stm32h7xx_hal_hsem.o
LOAD ./Drivers/STM32H7xx_HAL_Driver/Src/stm32h7xx_hal_i2c.o
LOAD ./Drivers/STM32H7xx_HAL_Driver/Src/stm32h7xx_hal_i2c_ex.o
LOAD ./Drivers/STM32H7xx_HAL_Driver/Src/stm32h7xx_hal_mdma.o
LOAD ./Drivers/STM32H7xx_HAL_Driver/Src/stm32h7xx_hal_pwr.o
LOAD ./Drivers/STM32H7xx_HAL_Driver/Src/stm32h7xx_hal_pwr_ex.o
LOAD ./Drivers/STM32H7xx_HAL_Driver/Src/stm32h7xx_hal_rcc.o
LOAD ./Drivers/STM32H7xx_HAL_Driver/Src/stm32h7xx_hal_rcc_ex.o
LOAD ./Drivers/STM32H7xx_HAL_Driver/Src/stm32h7xx_hal_spi.o
LOAD ./Drivers/STM32H7xx_HAL_Driver/Src/stm32h7xx_hal_spi_ex.o
LOAD ./Drivers/STM32H7xx_HAL_Driver/Src/stm32h7xx_hal_tim.o
LOAD ./Drivers/STM32H7xx_HAL_Driver/Src/stm32h7xx_hal_tim_ex.o
LOAD ./Drivers/STM32H7xx_HAL_Driver/Src/stm32h7xx_hal_uart.o
LOAD ./Drivers/STM32H7xx_HAL_Driver/Src/stm32h7xx_hal_uart_ex.o
START GROUP
LOAD C:/ST/STM32CubeIDE_1.14.1/STM32CubeIDE/plugins/com.st.stm32cube.ide.mcu.externaltools.gnu-tools-for-stm32.11.3.rel1.win32_1.1.100.202309141235/tools/bin/../lib/gcc/arm-none-eabi/11.3.1/../../../../arm-none-eabi/lib/thumb/v7e-m+dp/hard\libc_nano.a
LOAD C:/ST/STM32CubeIDE_1.14.1/STM32CubeIDE/plugins/com.st.stm32cube.ide.mcu.externaltools.gnu-tools-for-stm32.11.3.rel1.win32_1.1.100.202309141235/tools/bin/../lib/gcc/arm-none-eabi/11.3.1/../../../../arm-none-eabi/lib/thumb/v7e-m+dp/hard\libm.a
END GROUP
START GROUP
LOAD C:/ST/STM32CubeIDE_1.14.1/STM32CubeIDE/plugins/com.st.stm32cube.ide.mcu.externaltools.gnu-tools-for-stm32.11.3.rel1.win32_1.1.100.202309141235/tools/bin/../lib/gcc/arm-none-eabi/11.3.1/thumb/v7e-m+dp/hard\libgcc.a
LOAD C:/ST/STM32CubeIDE_1.14.1/STM32CubeIDE/plugins/com.st.stm32cube.ide.mcu.externaltools.gnu-tools-for-stm32.11.3.rel1.win32_1.1.100.202309141235/tools/bin/../lib/gcc/arm-none-eabi/11.3.1/../../../../arm-none-eabi/lib/thumb/v7e-m+dp/hard\libc_nano.a
END GROUP
START GROUP
LOAD C:/ST/STM32CubeIDE_1.14.1/STM32CubeIDE/plugins/com.st.stm32cube.ide.mcu.externaltools.gnu-tools-for-stm32.11.3.rel1.win32_1.1.100.202309141235/tools/bin/../lib/gcc/arm-none-eabi/11.3.1/thumb/v7e-m+dp/hard\libgcc.a
LOAD C:/ST/STM32CubeIDE_1.14.1/STM32CubeIDE/plugins/com.st.stm32cube.ide.mcu.externaltools.gnu-tools-for-stm32.11.3.rel1.win32_1.1.100.202309141235/tools/bin/../lib/gcc/arm-none-eabi/11.3.1/../../../../arm-none-eabi/lib/thumb/v7e-m+dp/hard\libc_nano.a
LOAD C:/ST/STM32CubeIDE_1.14.1/STM32CubeIDE/plugins/com.st.stm32cube.ide.mcu.externaltools.gnu-tools-for-stm32.11.3.rel1.win32_1.1.100.202309141235/tools/bin/../lib/gcc/arm-none-eabi/11.3.1/../../../../arm-none-eabi/lib/thumb/v7e-m+dp/hard\libnosys.a
END GROUP
START GROUP
LOAD C:/ST/STM32CubeIDE_1.14.1/STM32CubeIDE/plugins/com.st.stm32cube.ide.mcu.externaltools.gnu-tools-for-stm32.11.3.rel1.win32_1.1.100.202309141235/tools/bin/../lib/gcc/arm-none-eabi/11.3.1/thumb/v7e-m+dp/hard\libgcc.a
LOAD C:/ST/STM32CubeIDE_1.14.1/STM32CubeIDE/plugins/com.st.stm32cube.ide.mcu.externaltools.gnu-tools-for-stm32.11.3.rel1.win32_1.1.100.202309141235/tools/bin/../lib/gcc/arm-none-eabi/11.3.1/../../../../arm-none-eabi/lib/thumb/v7e-m+dp/hard\libc_nano.a
LOAD C:/ST/STM32CubeIDE_1.14.1/STM32CubeIDE/plugins/com.st.stm32cube.ide.mcu.externaltools.gnu-tools-for-stm32.11.3.rel1.win32_1.1.100.202309141235/tools/bin/../lib/gcc/arm-none-eabi/11.3.1/../../../../arm-none-eabi/lib/thumb/v7e-m+dp/hard\libnosys.a
END GROUP
LOAD C:/ST/STM32CubeIDE_1.14.1/STM32CubeIDE/plugins/com.st.stm32cube.ide.mcu.externaltools.gnu-tools-for-stm32.11.3.rel1.win32_1.1.100.202309141235/tools/bin/../lib/gcc/arm-none-eabi/11.3.1/thumb/v7e-m+dp/hard/crtend.o
LOAD C:/ST/STM32CubeIDE_1.14.1/STM32CubeIDE/plugins/com.st.stm32cube.ide.mcu.externaltools.gnu-tools-for-stm32.11.3.rel1.win32_1.1.100.202309141235/tools/bin/../lib/gcc/arm-none-eabi/11.3.1/thumb/v7e-m+dp/hard/crtn.o
                0x0000000024050000                _estack = (ORIGIN (RAM_D1) + LENGTH (RAM_D1))
                0x0000000000000200                _Min_Heap_Size = 0x200
                0x0000000000000400                _Min_Stack_Size = 0x400

.isr_vector     0x0000000008000000      0x2cc
                0x0000000008000000                . = ALIGN (0x4)
 *(.isr_vector)
 .isr_vector    0x0000000008000000      0x2cc ./Core/Startup/startup_stm32h723zgtx.o
                0x0000000008000000                g_pfnVectors
                0x00000000080002cc                . = ALIGN (0x4)

.text           0x00000000080002cc     0xae04
                0x00000000080002cc                . = ALIGN (0x4)
 *(.text)
 .text          0x00000000080002cc       0x40 C:/ST/STM32CubeIDE_1.14.1/STM32CubeIDE/plugins/com.st.stm32cube.ide.mcu.externaltools.gnu-tools-for-stm32.11.3.rel1.win32_1.1.100.202309141235/tools/bin/../lib/gcc/arm-none-eabi/11.3.1/thumb/v7e-m+dp/hard/crtbegin.o
 .text          0x000000000800030c       0x30 C:/ST/STM32CubeIDE_1.14.1/STM32CubeIDE/plugins/com.st.stm32cube.ide.mcu.externaltools.gnu-tools-for-stm32.11.3.rel1.win32_1.1.100.202309141235/tools/bin/../lib/gcc/arm-none-eabi/11.3.1/thumb/v7e-m+dp/hard\libgcc.a(_aeabi_uldivmod.o)
                0x000000000800030c                __aeabi_uldivmod
 .text          0x000000000800033c      0x2c8 C:/ST/STM32CubeIDE_1.14.1/STM32CubeIDE/plugins/com.st.stm32cube.ide.mcu.externaltools.gnu-tools-for-stm32.11.3.rel1.win32_1.1.100.202309141235/tools/bin/../lib/gcc/arm-none-eabi/11.3.1/thumb/v7e-m+dp/hard\libgcc.a(_udivmoddi4.o)
                0x000000000800033c                __udivmoddi4
 .text          0x0000000008000604        0x4 C:/ST/STM32CubeIDE_1.14.1/STM32CubeIDE/plugins/com.st.stm32cube.ide.mcu.externaltools.gnu-tools-for-stm32.11.3.rel1.win32_1.1.100.202309141235/tools/bin/../lib/gcc/arm-none-eabi/11.3.1/thumb/v7e-m+dp/hard\libgcc.a(_dvmd_tls.o)
                0x0000000008000604                __aeabi_idiv0
                0x0000000008000604                __aeabi_ldiv0
 *(.text*)
 .text.main     0x0000000008000608       0x94 ./Core/Src/main.o
                0x0000000008000608                main
 .text.SystemClock_Config
                0x000000000800069c       0xe0 ./Core/Src/main.o
                0x000000000800069c                SystemClock_Config
 .text.MX_ETH_Init
                0x000000000800077c       0x98 ./Core/Src/main.o
 .text.MX_SPI1_Init
                0x0000000008000814       0xac ./Core/Src/main.o
 .text.MX_TIM16_Init
                0x00000000080008c0       0x50 ./Core/Src/main.o
 .text.MX_TIM17_Init
                0x0000000008000910       0x50 ./Core/Src/main.o
 .text.MX_USART1_UART_Init
                0x0000000008000960       0x98 ./Core/Src/main.o
 .text.MX_USART3_UART_Init
                0x00000000080009f8       0x98 ./Core/Src/main.o
 .text.MX_USART6_UART_Init
                0x0000000008000a90       0x98 ./Core/Src/main.o
 .text.MX_USB_OTG_HS_USB_Init
                0x0000000008000b28        0xe ./Core/Src/main.o
 *fill*         0x0000000008000b36        0x2 
 .text.MX_DMA_Init
                0x0000000008000b38       0x60 ./Core/Src/main.o
 .text.MX_GPIO_Init
                0x0000000008000b98      0x208 ./Core/Src/main.o
 .text.HAL_UART_RxCpltCallback
                0x0000000008000da0       0x8c ./Core/Src/main.o
                0x0000000008000da0                HAL_UART_RxCpltCallback
 .text.HAL_SPI_TxCpltCallback
                0x0000000008000e2c       0x1c ./Core/Src/main.o
                0x0000000008000e2c                HAL_SPI_TxCpltCallback
 .text.PutFifo  0x0000000008000e48       0x58 ./Core/Src/main.o
                0x0000000008000e48                PutFifo
 .text.GetFifo  0x0000000008000ea0       0x58 ./Core/Src/main.o
                0x0000000008000ea0                GetFifo
 .text.Error_Handler
                0x0000000008000ef8        0xa ./Core/Src/main.o
                0x0000000008000ef8                Error_Handler
 *fill*         0x0000000008000f02        0x2 
 .text.HAL_MspInit
                0x0000000008000f04       0x34 ./Core/Src/stm32h7xx_hal_msp.o
                0x0000000008000f04                HAL_MspInit
 .text.HAL_ETH_MspInit
                0x0000000008000f38      0x19c ./Core/Src/stm32h7xx_hal_msp.o
                0x0000000008000f38                HAL_ETH_MspInit
 .text.HAL_SPI_MspInit
                0x00000000080010d4      0x190 ./Core/Src/stm32h7xx_hal_msp.o
                0x00000000080010d4                HAL_SPI_MspInit
 .text.HAL_TIM_Base_MspInit
                0x0000000008001264       0x90 ./Core/Src/stm32h7xx_hal_msp.o
                0x0000000008001264                HAL_TIM_Base_MspInit
 .text.HAL_UART_MspInit
                0x00000000080012f4      0x328 ./Core/Src/stm32h7xx_hal_msp.o
                0x00000000080012f4                HAL_UART_MspInit
 .text.NMI_Handler
                0x000000000800161c        0x6 ./Core/Src/stm32h7xx_it.o
                0x000000000800161c                NMI_Handler
 .text.HardFault_Handler
                0x0000000008001622        0x6 ./Core/Src/stm32h7xx_it.o
                0x0000000008001622                HardFault_Handler
 .text.MemManage_Handler
                0x0000000008001628        0x6 ./Core/Src/stm32h7xx_it.o
                0x0000000008001628                MemManage_Handler
 .text.BusFault_Handler
                0x000000000800162e        0x6 ./Core/Src/stm32h7xx_it.o
                0x000000000800162e                BusFault_Handler
 .text.UsageFault_Handler
                0x0000000008001634        0x6 ./Core/Src/stm32h7xx_it.o
                0x0000000008001634                UsageFault_Handler
 .text.SVC_Handler
                0x000000000800163a        0xe ./Core/Src/stm32h7xx_it.o
                0x000000000800163a                SVC_Handler
 .text.DebugMon_Handler
                0x0000000008001648        0xe ./Core/Src/stm32h7xx_it.o
                0x0000000008001648                DebugMon_Handler
 .text.PendSV_Handler
                0x0000000008001656        0xe ./Core/Src/stm32h7xx_it.o
                0x0000000008001656                PendSV_Handler
 .text.SysTick_Handler
                0x0000000008001664        0xc ./Core/Src/stm32h7xx_it.o
                0x0000000008001664                SysTick_Handler
 .text.DMA1_Stream0_IRQHandler
                0x0000000008001670       0x14 ./Core/Src/stm32h7xx_it.o
                0x0000000008001670                DMA1_Stream0_IRQHandler
 .text.DMA1_Stream1_IRQHandler
                0x0000000008001684       0x14 ./Core/Src/stm32h7xx_it.o
                0x0000000008001684                DMA1_Stream1_IRQHandler
 .text.DMA1_Stream2_IRQHandler
                0x0000000008001698       0x14 ./Core/Src/stm32h7xx_it.o
                0x0000000008001698                DMA1_Stream2_IRQHandler
 .text.EXTI9_5_IRQHandler
                0x00000000080016ac        0xe ./Core/Src/stm32h7xx_it.o
                0x00000000080016ac                EXTI9_5_IRQHandler
 *fill*         0x00000000080016ba        0x2 
 .text.SPI1_IRQHandler
                0x00000000080016bc       0x14 ./Core/Src/stm32h7xx_it.o
                0x00000000080016bc                SPI1_IRQHandler
 .text.USART1_IRQHandler
                0x00000000080016d0       0x14 ./Core/Src/stm32h7xx_it.o
                0x00000000080016d0                USART1_IRQHandler
 .text.USART6_IRQHandler
                0x00000000080016e4       0x14 ./Core/Src/stm32h7xx_it.o
                0x00000000080016e4                USART6_IRQHandler
 .text.TIM16_IRQHandler
                0x00000000080016f8       0x14 ./Core/Src/stm32h7xx_it.o
                0x00000000080016f8                TIM16_IRQHandler
 .text.TIM17_IRQHandler
                0x000000000800170c       0x14 ./Core/Src/stm32h7xx_it.o
                0x000000000800170c                TIM17_IRQHandler
 .text.SystemInit
                0x0000000008001720       0xf0 ./Core/Src/system_stm32h7xx.o
                0x0000000008001720                SystemInit
 .text.Reset_Handler
                0x0000000008001810       0x50 ./Core/Startup/startup_stm32h723zgtx.o
                0x0000000008001810                Reset_Handler
 .text.Default_Handler
                0x0000000008001860        0x2 ./Core/Startup/startup_stm32h723zgtx.o
                0x0000000008001860                RTC_Alarm_IRQHandler
                0x0000000008001860                EXTI2_IRQHandler
                0x0000000008001860                TIM8_CC_IRQHandler
                0x0000000008001860                UART8_IRQHandler
                0x0000000008001860                SPI4_IRQHandler
                0x0000000008001860                FDCAN3_IT0_IRQHandler
                0x0000000008001860                TIM1_CC_IRQHandler
                0x0000000008001860                BDMA_Channel6_IRQHandler
                0x0000000008001860                DMA2_Stream5_IRQHandler
                0x0000000008001860                DMA1_Stream5_IRQHandler
                0x0000000008001860                CORDIC_IRQHandler
                0x0000000008001860                BDMA_Channel1_IRQHandler
                0x0000000008001860                TAMP_STAMP_IRQHandler
                0x0000000008001860                EXTI3_IRQHandler
                0x0000000008001860                LPTIM4_IRQHandler
                0x0000000008001860                TIM8_TRG_COM_TIM14_IRQHandler
                0x0000000008001860                LPTIM2_IRQHandler
                0x0000000008001860                DFSDM1_FLT1_IRQHandler
                0x0000000008001860                DMAMUX2_OVR_IRQHandler
                0x0000000008001860                TIM8_UP_TIM13_IRQHandler
                0x0000000008001860                I2C3_ER_IRQHandler
                0x0000000008001860                DFSDM1_FLT2_IRQHandler
                0x0000000008001860                I2C5_EV_IRQHandler
                0x0000000008001860                USART10_IRQHandler
                0x0000000008001860                MDMA_IRQHandler
                0x0000000008001860                LPTIM3_IRQHandler
                0x0000000008001860                HSEM1_IRQHandler
                0x0000000008001860                EXTI0_IRQHandler
                0x0000000008001860                I2C2_EV_IRQHandler
                0x0000000008001860                FPU_IRQHandler
                0x0000000008001860                OTG_HS_WKUP_IRQHandler
                0x0000000008001860                FDCAN1_IT1_IRQHandler
                0x0000000008001860                LTDC_ER_IRQHandler
                0x0000000008001860                DMA2_Stream2_IRQHandler
                0x0000000008001860                OCTOSPI1_IRQHandler
                0x0000000008001860                TIM6_DAC_IRQHandler
                0x0000000008001860                DMA2_Stream3_IRQHandler
                0x0000000008001860                OCTOSPI2_IRQHandler
                0x0000000008001860                DFSDM1_FLT3_IRQHandler
                0x0000000008001860                TIM23_IRQHandler
                0x0000000008001860                USART3_IRQHandler
                0x0000000008001860                BDMA_Channel7_IRQHandler
                0x0000000008001860                LPTIM5_IRQHandler
                0x0000000008001860                UART5_IRQHandler
                0x0000000008001860                ADC3_IRQHandler
                0x0000000008001860                DMA2_Stream0_IRQHandler
                0x0000000008001860                TIM4_IRQHandler
                0x0000000008001860                BDMA_Channel2_IRQHandler
                0x0000000008001860                I2C1_EV_IRQHandler
                0x0000000008001860                DMA1_Stream6_IRQHandler
                0x0000000008001860                DMAMUX1_OVR_IRQHandler
                0x0000000008001860                UART4_IRQHandler
                0x0000000008001860                BDMA_Channel5_IRQHandler
                0x0000000008001860                TIM3_IRQHandler
                0x0000000008001860                RCC_IRQHandler
                0x0000000008001860                UART9_IRQHandler
                0x0000000008001860                TIM8_BRK_TIM12_IRQHandler
                0x0000000008001860                TIM1_TRG_COM_IRQHandler
                0x0000000008001860                Default_Handler
                0x0000000008001860                ECC_IRQHandler
                0x0000000008001860                FMAC_IRQHandler
                0x0000000008001860                CEC_IRQHandler
                0x0000000008001860                EXTI15_10_IRQHandler
                0x0000000008001860                BDMA_Channel0_IRQHandler
                0x0000000008001860                ADC_IRQHandler
                0x0000000008001860                I2C5_ER_IRQHandler
                0x0000000008001860                DMA1_Stream7_IRQHandler
                0x0000000008001860                SPI5_IRQHandler
                0x0000000008001860                TIM7_IRQHandler
                0x0000000008001860                FDCAN3_IT1_IRQHandler
                0x0000000008001860                SDMMC1_IRQHandler
                0x0000000008001860                TIM5_IRQHandler
                0x0000000008001860                DMA2_Stream7_IRQHandler
                0x0000000008001860                TIM15_IRQHandler
                0x0000000008001860                PVD_AVD_IRQHandler
                0x0000000008001860                I2C3_EV_IRQHandler
                0x0000000008001860                RTC_WKUP_IRQHandler
                0x0000000008001860                LTDC_IRQHandler
                0x0000000008001860                ETH_WKUP_IRQHandler
                0x0000000008001860                SPDIF_RX_IRQHandler
                0x0000000008001860                SPI2_IRQHandler
                0x0000000008001860                OTG_HS_EP1_IN_IRQHandler
                0x0000000008001860                TIM24_IRQHandler
                0x0000000008001860                CRS_IRQHandler
                0x0000000008001860                EXTI4_IRQHandler
                0x0000000008001860                RNG_IRQHandler
                0x0000000008001860                FDCAN2_IT1_IRQHandler
                0x0000000008001860                ETH_IRQHandler
                0x0000000008001860                TIM1_UP_IRQHandler
                0x0000000008001860                BDMA_Channel4_IRQHandler
                0x0000000008001860                OTG_HS_EP1_OUT_IRQHandler
                0x0000000008001860                WWDG_IRQHandler
                0x0000000008001860                SPI6_IRQHandler
                0x0000000008001860                MDIOS_IRQHandler
                0x0000000008001860                I2C4_EV_IRQHandler
                0x0000000008001860                FDCAN2_IT0_IRQHandler
                0x0000000008001860                LPUART1_IRQHandler
                0x0000000008001860                FDCAN1_IT0_IRQHandler
                0x0000000008001860                TIM2_IRQHandler
                0x0000000008001860                OTG_HS_IRQHandler
                0x0000000008001860                DMA2D_IRQHandler
                0x0000000008001860                TIM1_BRK_IRQHandler
                0x0000000008001860                EXTI1_IRQHandler
                0x0000000008001860                SDMMC2_IRQHandler
                0x0000000008001860                BDMA_Channel3_IRQHandler
                0x0000000008001860                DTS_IRQHandler
                0x0000000008001860                UART7_IRQHandler
                0x0000000008001860                MDIOS_WKUP_IRQHandler
                0x0000000008001860                USART2_IRQHandler
                0x0000000008001860                DFSDM1_FLT0_IRQHandler
                0x0000000008001860                SAI4_IRQHandler
                0x0000000008001860                I2C2_ER_IRQHandler
                0x0000000008001860                DMA2_Stream1_IRQHandler
                0x0000000008001860                FLASH_IRQHandler
                0x0000000008001860                DMA2_Stream4_IRQHandler
                0x0000000008001860                SPI3_IRQHandler
                0x0000000008001860                WAKEUP_PIN_IRQHandler
                0x0000000008001860                DMA1_Stream4_IRQHandler
                0x0000000008001860                I2C1_ER_IRQHandler
                0x0000000008001860                FMC_IRQHandler
                0x0000000008001860                FDCAN_CAL_IRQHandler
                0x0000000008001860                SWPMI1_IRQHandler
                0x0000000008001860                COMP1_IRQHandler
                0x0000000008001860                LPTIM1_IRQHandler
                0x0000000008001860                DCMI_PSSI_IRQHandler
                0x0000000008001860                I2C4_ER_IRQHandler
                0x0000000008001860                DMA2_Stream6_IRQHandler
                0x0000000008001860                SAI1_IRQHandler
                0x0000000008001860                DMA1_Stream3_IRQHandler
 *fill*         0x0000000008001862        0x2 
 .text.HAL_Init
                0x0000000008001864       0x78 ./Drivers/STM32H7xx_HAL_Driver/Src/stm32h7xx_hal.o
                0x0000000008001864                HAL_Init
 .text.HAL_InitTick
                0x00000000080018dc       0x6c ./Drivers/STM32H7xx_HAL_Driver/Src/stm32h7xx_hal.o
                0x00000000080018dc                HAL_InitTick
 .text.HAL_IncTick
                0x0000000008001948       0x28 ./Drivers/STM32H7xx_HAL_Driver/Src/stm32h7xx_hal.o
                0x0000000008001948                HAL_IncTick
 .text.HAL_GetTick
                0x0000000008001970       0x18 ./Drivers/STM32H7xx_HAL_Driver/Src/stm32h7xx_hal.o
                0x0000000008001970                HAL_GetTick
 .text.HAL_Delay
                0x0000000008001988       0x48 ./Drivers/STM32H7xx_HAL_Driver/Src/stm32h7xx_hal.o
                0x0000000008001988                HAL_Delay
 .text.HAL_SYSCFG_ETHInterfaceSelect
                0x00000000080019d0       0x28 ./Drivers/STM32H7xx_HAL_Driver/Src/stm32h7xx_hal.o
                0x00000000080019d0                HAL_SYSCFG_ETHInterfaceSelect
 .text.__NVIC_SetPriorityGrouping
                0x00000000080019f8       0x48 ./Drivers/STM32H7xx_HAL_Driver/Src/stm32h7xx_hal_cortex.o
 .text.__NVIC_GetPriorityGrouping
                0x0000000008001a40       0x1c ./Drivers/STM32H7xx_HAL_Driver/Src/stm32h7xx_hal_cortex.o
 .text.__NVIC_EnableIRQ
                0x0000000008001a5c       0x3c ./Drivers/STM32H7xx_HAL_Driver/Src/stm32h7xx_hal_cortex.o
 .text.__NVIC_SetPriority
                0x0000000008001a98       0x54 ./Drivers/STM32H7xx_HAL_Driver/Src/stm32h7xx_hal_cortex.o
 .text.NVIC_EncodePriority
                0x0000000008001aec       0x66 ./Drivers/STM32H7xx_HAL_Driver/Src/stm32h7xx_hal_cortex.o
 *fill*         0x0000000008001b52        0x2 
 .text.SysTick_Config
                0x0000000008001b54       0x44 ./Drivers/STM32H7xx_HAL_Driver/Src/stm32h7xx_hal_cortex.o
 .text.HAL_NVIC_SetPriorityGrouping
                0x0000000008001b98       0x16 ./Drivers/STM32H7xx_HAL_Driver/Src/stm32h7xx_hal_cortex.o
                0x0000000008001b98                HAL_NVIC_SetPriorityGrouping
 .text.HAL_NVIC_SetPriority
                0x0000000008001bae       0x34 ./Drivers/STM32H7xx_HAL_Driver/Src/stm32h7xx_hal_cortex.o
                0x0000000008001bae                HAL_NVIC_SetPriority
 .text.HAL_NVIC_EnableIRQ
                0x0000000008001be2       0x1c ./Drivers/STM32H7xx_HAL_Driver/Src/stm32h7xx_hal_cortex.o
                0x0000000008001be2                HAL_NVIC_EnableIRQ
 .text.HAL_SYSTICK_Config
                0x0000000008001bfe       0x18 ./Drivers/STM32H7xx_HAL_Driver/Src/stm32h7xx_hal_cortex.o
                0x0000000008001bfe                HAL_SYSTICK_Config
 *fill*         0x0000000008001c16        0x2 
 .text.HAL_DMA_Init
                0x0000000008001c18      0x6b0 ./Drivers/STM32H7xx_HAL_Driver/Src/stm32h7xx_hal_dma.o
                0x0000000008001c18                HAL_DMA_Init
 .text.HAL_DMA_Start_IT
                0x00000000080022c8      0x4d4 ./Drivers/STM32H7xx_HAL_Driver/Src/stm32h7xx_hal_dma.o
                0x00000000080022c8                HAL_DMA_Start_IT
 .text.HAL_DMA_Abort
                0x000000000800279c      0x63c ./Drivers/STM32H7xx_HAL_Driver/Src/stm32h7xx_hal_dma.o
                0x000000000800279c                HAL_DMA_Abort
 .text.HAL_DMA_Abort_IT
                0x0000000008002dd8      0x48c ./Drivers/STM32H7xx_HAL_Driver/Src/stm32h7xx_hal_dma.o
                0x0000000008002dd8                HAL_DMA_Abort_IT
 .text.HAL_DMA_IRQHandler
                0x0000000008003264      0xe54 ./Drivers/STM32H7xx_HAL_Driver/Src/stm32h7xx_hal_dma.o
                0x0000000008003264                HAL_DMA_IRQHandler
 .text.DMA_SetConfig
                0x00000000080040b8      0x358 ./Drivers/STM32H7xx_HAL_Driver/Src/stm32h7xx_hal_dma.o
 .text.DMA_CalcBaseAndBitshift
                0x0000000008004410      0x164 ./Drivers/STM32H7xx_HAL_Driver/Src/stm32h7xx_hal_dma.o
 .text.DMA_CheckFifoParam
                0x0000000008004574       0xf8 ./Drivers/STM32H7xx_HAL_Driver/Src/stm32h7xx_hal_dma.o
 .text.DMA_CalcDMAMUXChannelBaseAndMask
                0x000000000800466c      0x134 ./Drivers/STM32H7xx_HAL_Driver/Src/stm32h7xx_hal_dma.o
 .text.DMA_CalcDMAMUXRequestGenBaseAndMask
                0x00000000080047a0       0xe8 ./Drivers/STM32H7xx_HAL_Driver/Src/stm32h7xx_hal_dma.o
 .text.HAL_ETH_Init
                0x0000000008004888      0x1cc ./Drivers/STM32H7xx_HAL_Driver/Src/stm32h7xx_hal_eth.o
                0x0000000008004888                HAL_ETH_Init
 .text.HAL_ETH_SetMDIOClockRange
                0x0000000008004a54       0xb0 ./Drivers/STM32H7xx_HAL_Driver/Src/stm32h7xx_hal_eth.o
                0x0000000008004a54                HAL_ETH_SetMDIOClockRange
 .text.ETH_SetMACConfig
                0x0000000008004b04      0x238 ./Drivers/STM32H7xx_HAL_Driver/Src/stm32h7xx_hal_eth.o
 .text.ETH_SetDMAConfig
                0x0000000008004d3c      0x10c ./Drivers/STM32H7xx_HAL_Driver/Src/stm32h7xx_hal_eth.o
 .text.ETH_MACDMAConfig
                0x0000000008004e48      0x13a ./Drivers/STM32H7xx_HAL_Driver/Src/stm32h7xx_hal_eth.o
 .text.ETH_DMATxDescListInit
                0x0000000008004f82       0x92 ./Drivers/STM32H7xx_HAL_Driver/Src/stm32h7xx_hal_eth.o
 .text.ETH_DMARxDescListInit
                0x0000000008005014       0xba ./Drivers/STM32H7xx_HAL_Driver/Src/stm32h7xx_hal_eth.o
 *fill*         0x00000000080050ce        0x2 
 .text.HAL_GPIO_Init
                0x00000000080050d0      0x350 ./Drivers/STM32H7xx_HAL_Driver/Src/stm32h7xx_hal_gpio.o
                0x00000000080050d0                HAL_GPIO_Init
 .text.HAL_GPIO_WritePin
                0x0000000008005420       0x32 ./Drivers/STM32H7xx_HAL_Driver/Src/stm32h7xx_hal_gpio.o
                0x0000000008005420                HAL_GPIO_WritePin
 .text.HAL_GPIO_TogglePin
                0x0000000008005452       0x34 ./Drivers/STM32H7xx_HAL_Driver/Src/stm32h7xx_hal_gpio.o
                0x0000000008005452                HAL_GPIO_TogglePin
 .text.HAL_GPIO_EXTI_IRQHandler
                0x0000000008005486       0x34 ./Drivers/STM32H7xx_HAL_Driver/Src/stm32h7xx_hal_gpio.o
                0x0000000008005486                HAL_GPIO_EXTI_IRQHandler
 .text.HAL_GPIO_EXTI_Callback
                0x00000000080054ba       0x16 ./Drivers/STM32H7xx_HAL_Driver/Src/stm32h7xx_hal_gpio.o
                0x00000000080054ba                HAL_GPIO_EXTI_Callback
 .text.HAL_PWREx_ConfigSupply
                0x00000000080054d0       0x74 ./Drivers/STM32H7xx_HAL_Driver/Src/stm32h7xx_hal_pwr_ex.o
                0x00000000080054d0                HAL_PWREx_ConfigSupply
 .text.HAL_RCC_OscConfig
                0x0000000008005544      0x7b4 ./Drivers/STM32H7xx_HAL_Driver/Src/stm32h7xx_hal_rcc.o
                0x0000000008005544                HAL_RCC_OscConfig
 .text.HAL_RCC_ClockConfig
                0x0000000008005cf8      0x36c ./Drivers/STM32H7xx_HAL_Driver/Src/stm32h7xx_hal_rcc.o
                0x0000000008005cf8                HAL_RCC_ClockConfig
 .text.HAL_RCC_GetSysClockFreq
                0x0000000008006064      0x2f4 ./Drivers/STM32H7xx_HAL_Driver/Src/stm32h7xx_hal_rcc.o
                0x0000000008006064                HAL_RCC_GetSysClockFreq
 .text.HAL_RCC_GetHCLKFreq
                0x0000000008006358       0x60 ./Drivers/STM32H7xx_HAL_Driver/Src/stm32h7xx_hal_rcc.o
                0x0000000008006358                HAL_RCC_GetHCLKFreq
 .text.HAL_RCC_GetPCLK1Freq
                0x00000000080063b8       0x2c ./Drivers/STM32H7xx_HAL_Driver/Src/stm32h7xx_hal_rcc.o
                0x00000000080063b8                HAL_RCC_GetPCLK1Freq
 .text.HAL_RCC_GetPCLK2Freq
                0x00000000080063e4       0x2c ./Drivers/STM32H7xx_HAL_Driver/Src/stm32h7xx_hal_rcc.o
                0x00000000080063e4                HAL_RCC_GetPCLK2Freq
 .text.HAL_RCCEx_PeriphCLKConfig
                0x0000000008006410     0x1340 ./Drivers/STM32H7xx_HAL_Driver/Src/stm32h7xx_hal_rcc_ex.o
                0x0000000008006410                HAL_RCCEx_PeriphCLKConfig
 .text.HAL_RCCEx_GetD3PCLK1Freq
                0x0000000008007750       0x2c ./Drivers/STM32H7xx_HAL_Driver/Src/stm32h7xx_hal_rcc_ex.o
                0x0000000008007750                HAL_RCCEx_GetD3PCLK1Freq
 .text.HAL_RCCEx_GetPLL2ClockFreq
                0x000000000800777c      0x2a8 ./Drivers/STM32H7xx_HAL_Driver/Src/stm32h7xx_hal_rcc_ex.o
                0x000000000800777c                HAL_RCCEx_GetPLL2ClockFreq
 .text.HAL_RCCEx_GetPLL3ClockFreq
                0x0000000008007a24      0x2a8 ./Drivers/STM32H7xx_HAL_Driver/Src/stm32h7xx_hal_rcc_ex.o
                0x0000000008007a24                HAL_RCCEx_GetPLL3ClockFreq
 .text.RCCEx_PLL2_Config
                0x0000000008007ccc      0x164 ./Drivers/STM32H7xx_HAL_Driver/Src/stm32h7xx_hal_rcc_ex.o
 .text.RCCEx_PLL3_Config
                0x0000000008007e30      0x164 ./Drivers/STM32H7xx_HAL_Driver/Src/stm32h7xx_hal_rcc_ex.o
 .text.HAL_SPI_Init
                0x0000000008007f94      0x248 ./Drivers/STM32H7xx_HAL_Driver/Src/stm32h7xx_hal_spi.o
                0x0000000008007f94                HAL_SPI_Init
 .text.HAL_SPI_Transmit_IT
                0x00000000080081dc      0x170 ./Drivers/STM32H7xx_HAL_Driver/Src/stm32h7xx_hal_spi.o
                0x00000000080081dc                HAL_SPI_Transmit_IT
 .text.HAL_SPI_IRQHandler
                0x000000000800834c      0x39c ./Drivers/STM32H7xx_HAL_Driver/Src/stm32h7xx_hal_spi.o
                0x000000000800834c                HAL_SPI_IRQHandler
 .text.HAL_SPI_RxCpltCallback
                0x00000000080086e8       0x14 ./Drivers/STM32H7xx_HAL_Driver/Src/stm32h7xx_hal_spi.o
                0x00000000080086e8                HAL_SPI_RxCpltCallback
 .text.HAL_SPI_TxRxCpltCallback
                0x00000000080086fc       0x14 ./Drivers/STM32H7xx_HAL_Driver/Src/stm32h7xx_hal_spi.o
                0x00000000080086fc                HAL_SPI_TxRxCpltCallback
 .text.HAL_SPI_ErrorCallback
                0x0000000008008710       0x14 ./Drivers/STM32H7xx_HAL_Driver/Src/stm32h7xx_hal_spi.o
                0x0000000008008710                HAL_SPI_ErrorCallback
 .text.HAL_SPI_SuspendCallback
                0x0000000008008724       0x14 ./Drivers/STM32H7xx_HAL_Driver/Src/stm32h7xx_hal_spi.o
                0x0000000008008724                HAL_SPI_SuspendCallback
 .text.SPI_DMAAbortOnError
                0x0000000008008738       0x34 ./Drivers/STM32H7xx_HAL_Driver/Src/stm32h7xx_hal_spi.o
 .text.SPI_TxISR_8BIT
                0x000000000800876c       0x5a ./Drivers/STM32H7xx_HAL_Driver/Src/stm32h7xx_hal_spi.o
 .text.SPI_TxISR_16BIT
                0x00000000080087c6       0x5e ./Drivers/STM32H7xx_HAL_Driver/Src/stm32h7xx_hal_spi.o
 .text.SPI_TxISR_32BIT
                0x0000000008008824       0x58 ./Drivers/STM32H7xx_HAL_Driver/Src/stm32h7xx_hal_spi.o
 .text.SPI_CloseTransfer
                0x000000000800887c      0x140 ./Drivers/STM32H7xx_HAL_Driver/Src/stm32h7xx_hal_spi.o
 .text.SPI_GetPacketSize
                0x00000000080089bc       0x36 ./Drivers/STM32H7xx_HAL_Driver/Src/stm32h7xx_hal_spi.o
 .text.HAL_TIM_Base_Init
                0x00000000080089f2       0xae ./Drivers/STM32H7xx_HAL_Driver/Src/stm32h7xx_hal_tim.o
                0x00000000080089f2                HAL_TIM_Base_Init
 .text.HAL_TIM_Base_Start_IT
                0x0000000008008aa0      0x10c ./Drivers/STM32H7xx_HAL_Driver/Src/stm32h7xx_hal_tim.o
                0x0000000008008aa0                HAL_TIM_Base_Start_IT
 .text.HAL_TIM_IRQHandler
                0x0000000008008bac      0x23e ./Drivers/STM32H7xx_HAL_Driver/Src/stm32h7xx_hal_tim.o
                0x0000000008008bac                HAL_TIM_IRQHandler
 .text.HAL_TIM_PeriodElapsedCallback
                0x0000000008008dea       0x14 ./Drivers/STM32H7xx_HAL_Driver/Src/stm32h7xx_hal_tim.o
                0x0000000008008dea                HAL_TIM_PeriodElapsedCallback
 .text.HAL_TIM_OC_DelayElapsedCallback
                0x0000000008008dfe       0x14 ./Drivers/STM32H7xx_HAL_Driver/Src/stm32h7xx_hal_tim.o
                0x0000000008008dfe                HAL_TIM_OC_DelayElapsedCallback
 .text.HAL_TIM_IC_CaptureCallback
                0x0000000008008e12       0x14 ./Drivers/STM32H7xx_HAL_Driver/Src/stm32h7xx_hal_tim.o
                0x0000000008008e12                HAL_TIM_IC_CaptureCallback
 .text.HAL_TIM_PWM_PulseFinishedCallback
                0x0000000008008e26       0x14 ./Drivers/STM32H7xx_HAL_Driver/Src/stm32h7xx_hal_tim.o
                0x0000000008008e26                HAL_TIM_PWM_PulseFinishedCallback
 .text.HAL_TIM_TriggerCallback
                0x0000000008008e3a       0x14 ./Drivers/STM32H7xx_HAL_Driver/Src/stm32h7xx_hal_tim.o
                0x0000000008008e3a                HAL_TIM_TriggerCallback
 *fill*         0x0000000008008e4e        0x2 
 .text.TIM_Base_SetConfig
                0x0000000008008e50      0x14c ./Drivers/STM32H7xx_HAL_Driver/Src/stm32h7xx_hal_tim.o
                0x0000000008008e50                TIM_Base_SetConfig
 .text.HAL_TIMEx_CommutCallback
                0x0000000008008f9c       0x14 ./Drivers/STM32H7xx_HAL_Driver/Src/stm32h7xx_hal_tim_ex.o
                0x0000000008008f9c                HAL_TIMEx_CommutCallback
 .text.HAL_TIMEx_BreakCallback
                0x0000000008008fb0       0x14 ./Drivers/STM32H7xx_HAL_Driver/Src/stm32h7xx_hal_tim_ex.o
                0x0000000008008fb0                HAL_TIMEx_BreakCallback
 .text.HAL_TIMEx_Break2Callback
                0x0000000008008fc4       0x14 ./Drivers/STM32H7xx_HAL_Driver/Src/stm32h7xx_hal_tim_ex.o
                0x0000000008008fc4                HAL_TIMEx_Break2Callback
 .text.HAL_UART_Init
                0x0000000008008fd8       0xa0 ./Drivers/STM32H7xx_HAL_Driver/Src/stm32h7xx_hal_uart.o
                0x0000000008008fd8                HAL_UART_Init
 .text.HAL_UART_Receive_DMA
                0x0000000008009078       0x98 ./Drivers/STM32H7xx_HAL_Driver/Src/stm32h7xx_hal_uart.o
                0x0000000008009078                HAL_UART_Receive_DMA
 .text.HAL_UART_IRQHandler
                0x0000000008009110      0x774 ./Drivers/STM32H7xx_HAL_Driver/Src/stm32h7xx_hal_uart.o
                0x0000000008009110                HAL_UART_IRQHandler
 .text.HAL_UART_TxCpltCallback
                0x0000000008009884       0x14 ./Drivers/STM32H7xx_HAL_Driver/Src/stm32h7xx_hal_uart.o
                0x0000000008009884                HAL_UART_TxCpltCallback
 .text.HAL_UART_RxHalfCpltCallback
                0x0000000008009898       0x14 ./Drivers/STM32H7xx_HAL_Driver/Src/stm32h7xx_hal_uart.o
                0x0000000008009898                HAL_UART_RxHalfCpltCallback
 .text.HAL_UART_ErrorCallback
                0x00000000080098ac       0x14 ./Drivers/STM32H7xx_HAL_Driver/Src/stm32h7xx_hal_uart.o
                0x00000000080098ac                HAL_UART_ErrorCallback
 .text.HAL_UARTEx_RxEventCallback
                0x00000000080098c0       0x18 ./Drivers/STM32H7xx_HAL_Driver/Src/stm32h7xx_hal_uart.o
                0x00000000080098c0                HAL_UARTEx_RxEventCallback
 .text.UART_SetConfig
                0x00000000080098d8      0xcd8 ./Drivers/STM32H7xx_HAL_Driver/Src/stm32h7xx_hal_uart.o
                0x00000000080098d8                UART_SetConfig
 .text.UART_AdvFeatureConfig
                0x000000000800a5b0      0x144 ./Drivers/STM32H7xx_HAL_Driver/Src/stm32h7xx_hal_uart.o
                0x000000000800a5b0                UART_AdvFeatureConfig
 .text.UART_CheckIdleState
                0x000000000800a6f4      0x154 ./Drivers/STM32H7xx_HAL_Driver/Src/stm32h7xx_hal_uart.o
                0x000000000800a6f4                UART_CheckIdleState
 .text.UART_WaitOnFlagUntilTimeout
                0x000000000800a848       0xce ./Drivers/STM32H7xx_HAL_Driver/Src/stm32h7xx_hal_uart.o
                0x000000000800a848                UART_WaitOnFlagUntilTimeout
 *fill*         0x000000000800a916        0x2 
 .text.UART_Start_Receive_DMA
                0x000000000800a918      0x14c ./Drivers/STM32H7xx_HAL_Driver/Src/stm32h7xx_hal_uart.o
                0x000000000800a918                UART_Start_Receive_DMA
 .text.UART_EndTxTransfer
                0x000000000800aa64       0x82 ./Drivers/STM32H7xx_HAL_Driver/Src/stm32h7xx_hal_uart.o
 *fill*         0x000000000800aae6        0x2 
 .text.UART_EndRxTransfer
                0x000000000800aae8       0xcc ./Drivers/STM32H7xx_HAL_Driver/Src/stm32h7xx_hal_uart.o
 .text.UART_DMAReceiveCplt
                0x000000000800abb4      0x128 ./Drivers/STM32H7xx_HAL_Driver/Src/stm32h7xx_hal_uart.o
 .text.UART_DMARxHalfCplt
                0x000000000800acdc       0x3e ./Drivers/STM32H7xx_HAL_Driver/Src/stm32h7xx_hal_uart.o
 .text.UART_DMAError
                0x000000000800ad1a       0x80 ./Drivers/STM32H7xx_HAL_Driver/Src/stm32h7xx_hal_uart.o
 .text.UART_DMAAbortOnError
                0x000000000800ad9a       0x2c ./Drivers/STM32H7xx_HAL_Driver/Src/stm32h7xx_hal_uart.o
 .text.UART_EndTransmit_IT
                0x000000000800adc6       0x56 ./Drivers/STM32H7xx_HAL_Driver/Src/stm32h7xx_hal_uart.o
 .text.HAL_UARTEx_WakeupCallback
                0x000000000800ae1c       0x14 ./Drivers/STM32H7xx_HAL_Driver/Src/stm32h7xx_hal_uart_ex.o
                0x000000000800ae1c                HAL_UARTEx_WakeupCallback
 .text.HAL_UARTEx_RxFifoFullCallback
                0x000000000800ae30       0x14 ./Drivers/STM32H7xx_HAL_Driver/Src/stm32h7xx_hal_uart_ex.o
                0x000000000800ae30                HAL_UARTEx_RxFifoFullCallback
 .text.HAL_UARTEx_TxFifoEmptyCallback
                0x000000000800ae44       0x14 ./Drivers/STM32H7xx_HAL_Driver/Src/stm32h7xx_hal_uart_ex.o
                0x000000000800ae44                HAL_UARTEx_TxFifoEmptyCallback
 .text.HAL_UARTEx_DisableFifoMode
                0x000000000800ae58       0x72 ./Drivers/STM32H7xx_HAL_Driver/Src/stm32h7xx_hal_uart_ex.o
                0x000000000800ae58                HAL_UARTEx_DisableFifoMode
 .text.HAL_UARTEx_SetTxFifoThreshold
                0x000000000800aeca       0x7c ./Drivers/STM32H7xx_HAL_Driver/Src/stm32h7xx_hal_uart_ex.o
                0x000000000800aeca                HAL_UARTEx_SetTxFifoThreshold
 .text.HAL_UARTEx_SetRxFifoThreshold
                0x000000000800af46       0x7c ./Drivers/STM32H7xx_HAL_Driver/Src/stm32h7xx_hal_uart_ex.o
                0x000000000800af46                HAL_UARTEx_SetRxFifoThreshold
 *fill*         0x000000000800afc2        0x2 
 .text.UARTEx_SetNbDataToProcess
                0x000000000800afc4       0x9c ./Drivers/STM32H7xx_HAL_Driver/Src/stm32h7xx_hal_uart_ex.o
 .text.memset   0x000000000800b060       0x10 C:/ST/STM32CubeIDE_1.14.1/STM32CubeIDE/plugins/com.st.stm32cube.ide.mcu.externaltools.gnu-tools-for-stm32.11.3.rel1.win32_1.1.100.202309141235/tools/bin/../lib/gcc/arm-none-eabi/11.3.1/../../../../arm-none-eabi/lib/thumb/v7e-m+dp/hard\libc_nano.a(libc_a-memset.o)
                0x000000000800b060                memset
 .text.__libc_init_array
                0x000000000800b070       0x48 C:/ST/STM32CubeIDE_1.14.1/STM32CubeIDE/plugins/com.st.stm32cube.ide.mcu.externaltools.gnu-tools-for-stm32.11.3.rel1.win32_1.1.100.202309141235/tools/bin/../lib/gcc/arm-none-eabi/11.3.1/../../../../arm-none-eabi/lib/thumb/v7e-m+dp/hard\libc_nano.a(libc_a-init.o)
                0x000000000800b070                __libc_init_array
 *(.glue_7)
 .glue_7        0x000000000800b0b8        0x0 linker stubs
 *(.glue_7t)
 .glue_7t       0x000000000800b0b8        0x0 linker stubs
 *(.eh_frame)
 .eh_frame      0x000000000800b0b8        0x0 C:/ST/STM32CubeIDE_1.14.1/STM32CubeIDE/plugins/com.st.stm32cube.ide.mcu.externaltools.gnu-tools-for-stm32.11.3.rel1.win32_1.1.100.202309141235/tools/bin/../lib/gcc/arm-none-eabi/11.3.1/thumb/v7e-m+dp/hard/crtbegin.o
 *(.init)
 .init          0x000000000800b0b8        0x4 C:/ST/STM32CubeIDE_1.14.1/STM32CubeIDE/plugins/com.st.stm32cube.ide.mcu.externaltools.gnu-tools-for-stm32.11.3.rel1.win32_1.1.100.202309141235/tools/bin/../lib/gcc/arm-none-eabi/11.3.1/thumb/v7e-m+dp/hard/crti.o
                0x000000000800b0b8                _init
 .init          0x000000000800b0bc        0x8 C:/ST/STM32CubeIDE_1.14.1/STM32CubeIDE/plugins/com.st.stm32cube.ide.mcu.externaltools.gnu-tools-for-stm32.11.3.rel1.win32_1.1.100.202309141235/tools/bin/../lib/gcc/arm-none-eabi/11.3.1/thumb/v7e-m+dp/hard/crtn.o
 *(.fini)
 .fini          0x000000000800b0c4        0x4 C:/ST/STM32CubeIDE_1.14.1/STM32CubeIDE/plugins/com.st.stm32cube.ide.mcu.externaltools.gnu-tools-for-stm32.11.3.rel1.win32_1.1.100.202309141235/tools/bin/../lib/gcc/arm-none-eabi/11.3.1/thumb/v7e-m+dp/hard/crti.o
                0x000000000800b0c4                _fini
 .fini          0x000000000800b0c8        0x8 C:/ST/STM32CubeIDE_1.14.1/STM32CubeIDE/plugins/com.st.stm32cube.ide.mcu.externaltools.gnu-tools-for-stm32.11.3.rel1.win32_1.1.100.202309141235/tools/bin/../lib/gcc/arm-none-eabi/11.3.1/thumb/v7e-m+dp/hard/crtn.o
                0x000000000800b0d0                . = ALIGN (0x4)
                0x000000000800b0d0                _etext = .

.vfp11_veneer   0x000000000800b0d0        0x0
 .vfp11_veneer  0x000000000800b0d0        0x0 linker stubs

.v4_bx          0x000000000800b0d0        0x0
 .v4_bx         0x000000000800b0d0        0x0 linker stubs

.iplt           0x000000000800b0d0        0x0
 .iplt          0x000000000800b0d0        0x0 C:/ST/STM32CubeIDE_1.14.1/STM32CubeIDE/plugins/com.st.stm32cube.ide.mcu.externaltools.gnu-tools-for-stm32.11.3.rel1.win32_1.1.100.202309141235/tools/bin/../lib/gcc/arm-none-eabi/11.3.1/thumb/v7e-m+dp/hard/crtbegin.o

.rodata         0x000000000800b0d0       0x40
                0x000000000800b0d0                . = ALIGN (0x4)
 *(.rodata)
 *(.rodata*)
 .rodata.D1CorePrescTable
                0x000000000800b0d0       0x10 ./Core/Src/system_stm32h7xx.o
                0x000000000800b0d0                D1CorePrescTable
 .rodata.flagBitshiftOffset.0
                0x000000000800b0e0        0x8 ./Drivers/STM32H7xx_HAL_Driver/Src/stm32h7xx_hal_dma.o
 .rodata.UARTPrescTable
                0x000000000800b0e8       0x18 ./Drivers/STM32H7xx_HAL_Driver/Src/stm32h7xx_hal_uart.o
                0x000000000800b0e8                UARTPrescTable
 .rodata.numerator.1
                0x000000000800b100        0x8 ./Drivers/STM32H7xx_HAL_Driver/Src/stm32h7xx_hal_uart_ex.o
 .rodata.denominator.0
                0x000000000800b108        0x8 ./Drivers/STM32H7xx_HAL_Driver/Src/stm32h7xx_hal_uart_ex.o
                0x000000000800b110                . = ALIGN (0x4)

.ARM.extab
 *(.ARM.extab* .gnu.linkonce.armextab.*)

.ARM            0x000000000800b110        0x8
                0x000000000800b110                __exidx_start = .
 *(.ARM.exidx*)
 .ARM.exidx     0x000000000800b110        0x8 C:/ST/STM32CubeIDE_1.14.1/STM32CubeIDE/plugins/com.st.stm32cube.ide.mcu.externaltools.gnu-tools-for-stm32.11.3.rel1.win32_1.1.100.202309141235/tools/bin/../lib/gcc/arm-none-eabi/11.3.1/thumb/v7e-m+dp/hard\libgcc.a(_udivmoddi4.o)
                0x000000000800b118                __exidx_end = .

.rel.dyn        0x000000000800b118        0x0
 .rel.iplt      0x000000000800b118        0x0 C:/ST/STM32CubeIDE_1.14.1/STM32CubeIDE/plugins/com.st.stm32cube.ide.mcu.externaltools.gnu-tools-for-stm32.11.3.rel1.win32_1.1.100.202309141235/tools/bin/../lib/gcc/arm-none-eabi/11.3.1/thumb/v7e-m+dp/hard/crtbegin.o

.preinit_array  0x000000000800b118        0x0
                0x000000000800b118                PROVIDE (__preinit_array_start = .)
 *(.preinit_array*)
                0x000000000800b118                PROVIDE (__preinit_array_end = .)

.init_array     0x000000000800b118        0x4
                0x000000000800b118                PROVIDE (__init_array_start = .)
 *(SORT_BY_NAME(.init_array.*))
 *(.init_array*)
 .init_array    0x000000000800b118        0x4 C:/ST/STM32CubeIDE_1.14.1/STM32CubeIDE/plugins/com.st.stm32cube.ide.mcu.externaltools.gnu-tools-for-stm32.11.3.rel1.win32_1.1.100.202309141235/tools/bin/../lib/gcc/arm-none-eabi/11.3.1/thumb/v7e-m+dp/hard/crtbegin.o
                0x000000000800b11c                PROVIDE (__init_array_end = .)

.fini_array     0x000000000800b11c        0x4
                [!provide]                        PROVIDE (__fini_array_start = .)
 *(SORT_BY_NAME(.fini_array.*))
 *(.fini_array*)
 .fini_array    0x000000000800b11c        0x4 C:/ST/STM32CubeIDE_1.14.1/STM32CubeIDE/plugins/com.st.stm32cube.ide.mcu.externaltools.gnu-tools-for-stm32.11.3.rel1.win32_1.1.100.202309141235/tools/bin/../lib/gcc/arm-none-eabi/11.3.1/thumb/v7e-m+dp/hard/crtbegin.o
                [!provide]                        PROVIDE (__fini_array_end = .)
                0x000000000800b120                _sidata = LOADADDR (.data)

.data           0x0000000024000000       0x10 load address 0x000000000800b120
                0x0000000024000000                . = ALIGN (0x4)
                0x0000000024000000                _sdata = .
 *(.data)
 *(.data*)
 .data.SystemCoreClock
                0x0000000024000000        0x4 ./Core/Src/system_stm32h7xx.o
                0x0000000024000000                SystemCoreClock
 .data.SystemD2Clock
                0x0000000024000004        0x4 ./Core/Src/system_stm32h7xx.o
                0x0000000024000004                SystemD2Clock
 .data.uwTickPrio
                0x0000000024000008        0x4 ./Drivers/STM32H7xx_HAL_Driver/Src/stm32h7xx_hal.o
                0x0000000024000008                uwTickPrio
 .data.uwTickFreq
                0x000000002400000c        0x1 ./Drivers/STM32H7xx_HAL_Driver/Src/stm32h7xx_hal.o
                0x000000002400000c                uwTickFreq
 *(.RamFunc)
 *(.RamFunc*)
                0x0000000024000010                . = ALIGN (0x4)
 *fill*         0x000000002400000d        0x3 
                0x0000000024000010                _edata = .

.igot.plt       0x0000000024000010        0x0 load address 0x000000000800b130
 .igot.plt      0x0000000024000010        0x0 C:/ST/STM32CubeIDE_1.14.1/STM32CubeIDE/plugins/com.st.stm32cube.ide.mcu.externaltools.gnu-tools-for-stm32.11.3.rel1.win32_1.1.100.202309141235/tools/bin/../lib/gcc/arm-none-eabi/11.3.1/thumb/v7e-m+dp/hard/crtbegin.o

.RxDecripSection
                0x0000000024000010       0x60 load address 0x000000000800b130
 .RxDecripSection
                0x0000000024000010       0x60 ./Core/Src/main.o
                0x0000000024000010                DMARxDscrTab

.TxDecripSection
                0x0000000024000070       0x60 load address 0x000000000800b190
 .TxDecripSection
                0x0000000024000070       0x60 ./Core/Src/main.o
                0x0000000024000070                DMATxDscrTab
                0x00000000240000d0                . = ALIGN (0x4)

.bss            0x00000000240000d0      0x574 load address 0x000000000800b1f0
                0x00000000240000d0                _sbss = .
                0x00000000240000d0                __bss_start__ = _sbss
 *(.bss)
 .bss           0x00000000240000d0       0x1c C:/ST/STM32CubeIDE_1.14.1/STM32CubeIDE/plugins/com.st.stm32cube.ide.mcu.externaltools.gnu-tools-for-stm32.11.3.rel1.win32_1.1.100.202309141235/tools/bin/../lib/gcc/arm-none-eabi/11.3.1/thumb/v7e-m+dp/hard/crtbegin.o
 *(.bss*)
 .bss.TxConfig  0x00000000240000ec       0x38 ./Core/Src/main.o
                0x00000000240000ec                TxConfig
 .bss.heth      0x0000000024000124       0xb0 ./Core/Src/main.o
                0x0000000024000124                heth
 .bss.hspi1     0x00000000240001d4       0x88 ./Core/Src/main.o
                0x00000000240001d4                hspi1
 .bss.hdma_spi1_tx
                0x000000002400025c       0x78 ./Core/Src/main.o
                0x000000002400025c                hdma_spi1_tx
 .bss.htim16    0x00000000240002d4       0x4c ./Core/Src/main.o
                0x00000000240002d4                htim16
 .bss.htim17    0x0000000024000320       0x4c ./Core/Src/main.o
                0x0000000024000320                htim17
 .bss.huart1    0x000000002400036c       0x94 ./Core/Src/main.o
                0x000000002400036c                huart1
 .bss.huart3    0x0000000024000400       0x94 ./Core/Src/main.o
                0x0000000024000400                huart3
 .bss.huart6    0x0000000024000494       0x94 ./Core/Src/main.o
                0x0000000024000494                huart6
 .bss.hdma_usart1_rx
                0x0000000024000528       0x78 ./Core/Src/main.o
                0x0000000024000528                hdma_usart1_rx
 .bss.hdma_usart6_rx
                0x00000000240005a0       0x78 ./Core/Src/main.o
                0x00000000240005a0                hdma_usart6_rx
 .bss.rx_buff   0x0000000024000618        0x5 ./Core/Src/main.o
                0x0000000024000618                rx_buff
 .bss.counter   0x000000002400061d        0x1 ./Core/Src/main.o
                0x000000002400061d                counter
 *fill*         0x000000002400061e        0x2 
 .bss.test_buff
                0x0000000024000620        0x5 ./Core/Src/main.o
                0x0000000024000620                test_buff
 *fill*         0x0000000024000625        0x3 
 .bss.PutPt     0x0000000024000628        0x4 ./Core/Src/main.o
                0x0000000024000628                PutPt
 .bss.GetPt     0x000000002400062c        0x4 ./Core/Src/main.o
                0x000000002400062c                GetPt
 .bss.Fifo      0x0000000024000630        0x8 ./Core/Src/main.o
                0x0000000024000630                Fifo
 .bss.MACAddr.0
                0x0000000024000638        0x6 ./Core/Src/main.o
 *fill*         0x000000002400063e        0x2 
 .bss.uwTick    0x0000000024000640        0x4 ./Drivers/STM32H7xx_HAL_Driver/Src/stm32h7xx_hal.o
                0x0000000024000640                uwTick
 *(COMMON)
                0x0000000024000644                . = ALIGN (0x4)
                0x0000000024000644                _ebss = .
                0x0000000024000644                __bss_end__ = _ebss

._user_heap_stack
                0x0000000024000644      0x604 load address 0x000000000800b1f0
                0x0000000024000648                . = ALIGN (0x8)
 *fill*         0x0000000024000644        0x4 
                [!provide]                        PROVIDE (end = .)
                0x0000000024000648                PROVIDE (_end = .)
                0x0000000024000848                . = (. + _Min_Heap_Size)
 *fill*         0x0000000024000648      0x200 
                0x0000000024000c48                . = (. + _Min_Stack_Size)
 *fill*         0x0000000024000848      0x400 
                0x0000000024000c48                . = ALIGN (0x8)

/DISCARD/
 libc.a(*)
 libm.a(*)
 libgcc.a(*)

.ARM.attributes
                0x0000000000000000       0x2e
 *(.ARM.attributes)
 .ARM.attributes
                0x0000000000000000       0x1e C:/ST/STM32CubeIDE_1.14.1/STM32CubeIDE/plugins/com.st.stm32cube.ide.mcu.externaltools.gnu-tools-for-stm32.11.3.rel1.win32_1.1.100.202309141235/tools/bin/../lib/gcc/arm-none-eabi/11.3.1/thumb/v7e-m+dp/hard/crti.o
 .ARM.attributes
                0x000000000000001e       0x32 C:/ST/STM32CubeIDE_1.14.1/STM32CubeIDE/plugins/com.st.stm32cube.ide.mcu.externaltools.gnu-tools-for-stm32.11.3.rel1.win32_1.1.100.202309141235/tools/bin/../lib/gcc/arm-none-eabi/11.3.1/thumb/v7e-m+dp/hard/crtbegin.o
 .ARM.attributes
                0x0000000000000050       0x32 ./Core/Src/main.o
 .ARM.attributes
                0x0000000000000082       0x32 ./Core/Src/stm32h7xx_hal_msp.o
 .ARM.attributes
                0x00000000000000b4       0x32 ./Core/Src/stm32h7xx_it.o
 .ARM.attributes
                0x00000000000000e6       0x32 ./Core/Src/system_stm32h7xx.o
 .ARM.attributes
                0x0000000000000118       0x21 ./Core/Startup/startup_stm32h723zgtx.o
 .ARM.attributes
                0x0000000000000139       0x32 ./Drivers/STM32H7xx_HAL_Driver/Src/stm32h7xx_hal.o
 .ARM.attributes
                0x000000000000016b       0x32 ./Drivers/STM32H7xx_HAL_Driver/Src/stm32h7xx_hal_cortex.o
 .ARM.attributes
                0x000000000000019d       0x32 ./Drivers/STM32H7xx_HAL_Driver/Src/stm32h7xx_hal_dma.o
 .ARM.attributes
                0x00000000000001cf       0x32 ./Drivers/STM32H7xx_HAL_Driver/Src/stm32h7xx_hal_eth.o
 .ARM.attributes
                0x0000000000000201       0x32 ./Drivers/STM32H7xx_HAL_Driver/Src/stm32h7xx_hal_gpio.o
 .ARM.attributes
                0x0000000000000233       0x32 ./Drivers/STM32H7xx_HAL_Driver/Src/stm32h7xx_hal_pwr_ex.o
 .ARM.attributes
                0x0000000000000265       0x32 ./Drivers/STM32H7xx_HAL_Driver/Src/stm32h7xx_hal_rcc.o
 .ARM.attributes
                0x0000000000000297       0x32 ./Drivers/STM32H7xx_HAL_Driver/Src/stm32h7xx_hal_rcc_ex.o
 .ARM.attributes
                0x00000000000002c9       0x32 ./Drivers/STM32H7xx_HAL_Driver/Src/stm32h7xx_hal_spi.o
 .ARM.attributes
                0x00000000000002fb       0x32 ./Drivers/STM32H7xx_HAL_Driver/Src/stm32h7xx_hal_tim.o
 .ARM.attributes
                0x000000000000032d       0x32 ./Drivers/STM32H7xx_HAL_Driver/Src/stm32h7xx_hal_tim_ex.o
 .ARM.attributes
                0x000000000000035f       0x32 ./Drivers/STM32H7xx_HAL_Driver/Src/stm32h7xx_hal_uart.o
 .ARM.attributes
                0x0000000000000391       0x32 ./Drivers/STM32H7xx_HAL_Driver/Src/stm32h7xx_hal_uart_ex.o
 .ARM.attributes
                0x00000000000003c3       0x32 C:/ST/STM32CubeIDE_1.14.1/STM32CubeIDE/plugins/com.st.stm32cube.ide.mcu.externaltools.gnu-tools-for-stm32.11.3.rel1.win32_1.1.100.202309141235/tools/bin/../lib/gcc/arm-none-eabi/11.3.1/../../../../arm-none-eabi/lib/thumb/v7e-m+dp/hard\libc_nano.a(libc_a-memset.o)
 .ARM.attributes
                0x00000000000003f5       0x32 C:/ST/STM32CubeIDE_1.14.1/STM32CubeIDE/plugins/com.st.stm32cube.ide.mcu.externaltools.gnu-tools-for-stm32.11.3.rel1.win32_1.1.100.202309141235/tools/bin/../lib/gcc/arm-none-eabi/11.3.1/../../../../arm-none-eabi/lib/thumb/v7e-m+dp/hard\libc_nano.a(libc_a-init.o)
 .ARM.attributes
                0x0000000000000427       0x1e C:/ST/STM32CubeIDE_1.14.1/STM32CubeIDE/plugins/com.st.stm32cube.ide.mcu.externaltools.gnu-tools-for-stm32.11.3.rel1.win32_1.1.100.202309141235/tools/bin/../lib/gcc/arm-none-eabi/11.3.1/thumb/v7e-m+dp/hard\libgcc.a(_aeabi_uldivmod.o)
 .ARM.attributes
                0x0000000000000445       0x32 C:/ST/STM32CubeIDE_1.14.1/STM32CubeIDE/plugins/com.st.stm32cube.ide.mcu.externaltools.gnu-tools-for-stm32.11.3.rel1.win32_1.1.100.202309141235/tools/bin/../lib/gcc/arm-none-eabi/11.3.1/thumb/v7e-m+dp/hard\libgcc.a(_udivmoddi4.o)
 .ARM.attributes
                0x0000000000000477       0x1e C:/ST/STM32CubeIDE_1.14.1/STM32CubeIDE/plugins/com.st.stm32cube.ide.mcu.externaltools.gnu-tools-for-stm32.11.3.rel1.win32_1.1.100.202309141235/tools/bin/../lib/gcc/arm-none-eabi/11.3.1/thumb/v7e-m+dp/hard\libgcc.a(_dvmd_tls.o)
 .ARM.attributes
                0x0000000000000495       0x1e C:/ST/STM32CubeIDE_1.14.1/STM32CubeIDE/plugins/com.st.stm32cube.ide.mcu.externaltools.gnu-tools-for-stm32.11.3.rel1.win32_1.1.100.202309141235/tools/bin/../lib/gcc/arm-none-eabi/11.3.1/thumb/v7e-m+dp/hard/crtn.o
OUTPUT(Test_project.elf elf32-littlearm)
LOAD linker stubs
LOAD C:/ST/STM32CubeIDE_1.14.1/STM32CubeIDE/plugins/com.st.stm32cube.ide.mcu.externaltools.gnu-tools-for-stm32.11.3.rel1.win32_1.1.100.202309141235/tools/bin/../lib/gcc/arm-none-eabi/11.3.1/../../../../arm-none-eabi/lib/thumb/v7e-m+dp/hard\libc.a
LOAD C:/ST/STM32CubeIDE_1.14.1/STM32CubeIDE/plugins/com.st.stm32cube.ide.mcu.externaltools.gnu-tools-for-stm32.11.3.rel1.win32_1.1.100.202309141235/tools/bin/../lib/gcc/arm-none-eabi/11.3.1/../../../../arm-none-eabi/lib/thumb/v7e-m+dp/hard\libm.a
LOAD C:/ST/STM32CubeIDE_1.14.1/STM32CubeIDE/plugins/com.st.stm32cube.ide.mcu.externaltools.gnu-tools-for-stm32.11.3.rel1.win32_1.1.100.202309141235/tools/bin/../lib/gcc/arm-none-eabi/11.3.1/thumb/v7e-m+dp/hard\libgcc.a

.comment        0x0000000000000000       0x43
 .comment       0x0000000000000000       0x43 C:/ST/STM32CubeIDE_1.14.1/STM32CubeIDE/plugins/com.st.stm32cube.ide.mcu.externaltools.gnu-tools-for-stm32.11.3.rel1.win32_1.1.100.202309141235/tools/bin/../lib/gcc/arm-none-eabi/11.3.1/thumb/v7e-m+dp/hard/crtbegin.o
                                         0x44 (size before relaxing)
 .comment       0x0000000000000043       0x44 ./Core/Src/main.o
 .comment       0x0000000000000043       0x44 ./Core/Src/stm32h7xx_hal_msp.o
 .comment       0x0000000000000043       0x44 ./Core/Src/stm32h7xx_it.o
 .comment       0x0000000000000043       0x44 ./Core/Src/system_stm32h7xx.o
 .comment       0x0000000000000043       0x44 ./Drivers/STM32H7xx_HAL_Driver/Src/stm32h7xx_hal.o
 .comment       0x0000000000000043       0x44 ./Drivers/STM32H7xx_HAL_Driver/Src/stm32h7xx_hal_cortex.o
 .comment       0x0000000000000043       0x44 ./Drivers/STM32H7xx_HAL_Driver/Src/stm32h7xx_hal_dma.o
 .comment       0x0000000000000043       0x44 ./Drivers/STM32H7xx_HAL_Driver/Src/stm32h7xx_hal_eth.o
 .comment       0x0000000000000043       0x44 ./Drivers/STM32H7xx_HAL_Driver/Src/stm32h7xx_hal_gpio.o
 .comment       0x0000000000000043       0x44 ./Drivers/STM32H7xx_HAL_Driver/Src/stm32h7xx_hal_pwr_ex.o
 .comment       0x0000000000000043       0x44 ./Drivers/STM32H7xx_HAL_Driver/Src/stm32h7xx_hal_rcc.o
 .comment       0x0000000000000043       0x44 ./Drivers/STM32H7xx_HAL_Driver/Src/stm32h7xx_hal_rcc_ex.o
 .comment       0x0000000000000043       0x44 ./Drivers/STM32H7xx_HAL_Driver/Src/stm32h7xx_hal_spi.o
 .comment       0x0000000000000043       0x44 ./Drivers/STM32H7xx_HAL_Driver/Src/stm32h7xx_hal_tim.o
 .comment       0x0000000000000043       0x44 ./Drivers/STM32H7xx_HAL_Driver/Src/stm32h7xx_hal_tim_ex.o
 .comment       0x0000000000000043       0x44 ./Drivers/STM32H7xx_HAL_Driver/Src/stm32h7xx_hal_uart.o
 .comment       0x0000000000000043       0x44 ./Drivers/STM32H7xx_HAL_Driver/Src/stm32h7xx_hal_uart_ex.o

.debug_info     0x0000000000000000    0x1c153
 .debug_info    0x0000000000000000     0x3001 ./Core/Src/main.o
 .debug_info    0x0000000000003001     0x2cd0 ./Core/Src/stm32h7xx_hal_msp.o
 .debug_info    0x0000000000005cd1     0x108a ./Core/Src/stm32h7xx_it.o
 .debug_info    0x0000000000006d5b      0xb2e ./Core/Src/system_stm32h7xx.o
 .debug_info    0x0000000000007889       0x23 ./Core/Startup/startup_stm32h723zgtx.o
 .debug_info    0x00000000000078ac     0x1698 ./Drivers/STM32H7xx_HAL_Driver/Src/stm32h7xx_hal.o
 .debug_info    0x0000000000008f44     0x1054 ./Drivers/STM32H7xx_HAL_Driver/Src/stm32h7xx_hal_cortex.o
 .debug_info    0x0000000000009f98      0xb67 ./Drivers/STM32H7xx_HAL_Driver/Src/stm32h7xx_hal_dma.o
 .debug_info    0x000000000000aaff     0x2935 ./Drivers/STM32H7xx_HAL_Driver/Src/stm32h7xx_hal_eth.o
 .debug_info    0x000000000000d434      0xc5c ./Drivers/STM32H7xx_HAL_Driver/Src/stm32h7xx_hal_gpio.o
 .debug_info    0x000000000000e090      0xdc4 ./Drivers/STM32H7xx_HAL_Driver/Src/stm32h7xx_hal_pwr_ex.o
 .debug_info    0x000000000000ee54      0xd73 ./Drivers/STM32H7xx_HAL_Driver/Src/stm32h7xx_hal_rcc.o
 .debug_info    0x000000000000fbc7     0x11fc ./Drivers/STM32H7xx_HAL_Driver/Src/stm32h7xx_hal_rcc_ex.o
 .debug_info    0x0000000000010dc3     0x147c ./Drivers/STM32H7xx_HAL_Driver/Src/stm32h7xx_hal_spi.o
 .debug_info    0x000000000001223f     0x2b8b ./Drivers/STM32H7xx_HAL_Driver/Src/stm32h7xx_hal_tim.o
 .debug_info    0x0000000000014dca     0x18c1 ./Drivers/STM32H7xx_HAL_Driver/Src/stm32h7xx_hal_tim_ex.o
 .debug_info    0x000000000001668b     0x4b13 ./Drivers/STM32H7xx_HAL_Driver/Src/stm32h7xx_hal_uart.o
 .debug_info    0x000000000001b19e      0xfb5 ./Drivers/STM32H7xx_HAL_Driver/Src/stm32h7xx_hal_uart_ex.o

.debug_abbrev   0x0000000000000000     0x2b7f
 .debug_abbrev  0x0000000000000000      0x382 ./Core/Src/main.o
 .debug_abbrev  0x0000000000000382      0x27b ./Core/Src/stm32h7xx_hal_msp.o
 .debug_abbrev  0x00000000000005fd      0x1c5 ./Core/Src/stm32h7xx_it.o
 .debug_abbrev  0x00000000000007c2      0x13a ./Core/Src/system_stm32h7xx.o
 .debug_abbrev  0x00000000000008fc       0x12 ./Core/Startup/startup_stm32h723zgtx.o
 .debug_abbrev  0x000000000000090e      0x29e ./Drivers/STM32H7xx_HAL_Driver/Src/stm32h7xx_hal.o
 .debug_abbrev  0x0000000000000bac      0x339 ./Drivers/STM32H7xx_HAL_Driver/Src/stm32h7xx_hal_cortex.o
 .debug_abbrev  0x0000000000000ee5      0x248 ./Drivers/STM32H7xx_HAL_Driver/Src/stm32h7xx_hal_dma.o
 .debug_abbrev  0x000000000000112d      0x2d9 ./Drivers/STM32H7xx_HAL_Driver/Src/stm32h7xx_hal_eth.o
 .debug_abbrev  0x0000000000001406      0x1fe ./Drivers/STM32H7xx_HAL_Driver/Src/stm32h7xx_hal_gpio.o
 .debug_abbrev  0x0000000000001604      0x295 ./Drivers/STM32H7xx_HAL_Driver/Src/stm32h7xx_hal_pwr_ex.o
 .debug_abbrev  0x0000000000001899      0x2b1 ./Drivers/STM32H7xx_HAL_Driver/Src/stm32h7xx_hal_rcc.o
 .debug_abbrev  0x0000000000001b4a      0x269 ./Drivers/STM32H7xx_HAL_Driver/Src/stm32h7xx_hal_rcc_ex.o
 .debug_abbrev  0x0000000000001db3      0x2b1 ./Drivers/STM32H7xx_HAL_Driver/Src/stm32h7xx_hal_spi.o
 .debug_abbrev  0x0000000000002064      0x276 ./Drivers/STM32H7xx_HAL_Driver/Src/stm32h7xx_hal_tim.o
 .debug_abbrev  0x00000000000022da      0x296 ./Drivers/STM32H7xx_HAL_Driver/Src/stm32h7xx_hal_tim_ex.o
 .debug_abbrev  0x0000000000002570      0x33d ./Drivers/STM32H7xx_HAL_Driver/Src/stm32h7xx_hal_uart.o
 .debug_abbrev  0x00000000000028ad      0x2d2 ./Drivers/STM32H7xx_HAL_Driver/Src/stm32h7xx_hal_uart_ex.o

.debug_aranges  0x0000000000000000     0x14a8
 .debug_aranges
                0x0000000000000000       0xc0 ./Core/Src/main.o
 .debug_aranges
                0x00000000000000c0       0x60 ./Core/Src/stm32h7xx_hal_msp.o
 .debug_aranges
                0x0000000000000120       0xa8 ./Core/Src/stm32h7xx_it.o
 .debug_aranges
                0x00000000000001c8       0x28 ./Core/Src/system_stm32h7xx.o
 .debug_aranges
                0x00000000000001f0       0x28 ./Core/Startup/startup_stm32h723zgtx.o
 .debug_aranges
                0x0000000000000218      0x1c8 ./Drivers/STM32H7xx_HAL_Driver/Src/stm32h7xx_hal.o
 .debug_aranges
                0x00000000000003e0      0x120 ./Drivers/STM32H7xx_HAL_Driver/Src/stm32h7xx_hal_cortex.o
 .debug_aranges
                0x0000000000000500       0xa0 ./Drivers/STM32H7xx_HAL_Driver/Src/stm32h7xx_hal_dma.o
 .debug_aranges
                0x00000000000005a0      0x1d8 ./Drivers/STM32H7xx_HAL_Driver/Src/stm32h7xx_hal_eth.o
 .debug_aranges
                0x0000000000000778       0x58 ./Drivers/STM32H7xx_HAL_Driver/Src/stm32h7xx_hal_gpio.o
 .debug_aranges
                0x00000000000007d0      0x148 ./Drivers/STM32H7xx_HAL_Driver/Src/stm32h7xx_hal_pwr_ex.o
 .debug_aranges
                0x0000000000000918       0x88 ./Drivers/STM32H7xx_HAL_Driver/Src/stm32h7xx_hal_rcc.o
 .debug_aranges
                0x00000000000009a0       0xf8 ./Drivers/STM32H7xx_HAL_Driver/Src/stm32h7xx_hal_rcc_ex.o
 .debug_aranges
                0x0000000000000a98      0x1a8 ./Drivers/STM32H7xx_HAL_Driver/Src/stm32h7xx_hal_spi.o
 .debug_aranges
                0x0000000000000c40      0x3e0 ./Drivers/STM32H7xx_HAL_Driver/Src/stm32h7xx_hal_tim.o
 .debug_aranges
                0x0000000000001020      0x198 ./Drivers/STM32H7xx_HAL_Driver/Src/stm32h7xx_hal_tim_ex.o
 .debug_aranges
                0x00000000000011b8      0x248 ./Drivers/STM32H7xx_HAL_Driver/Src/stm32h7xx_hal_uart.o
 .debug_aranges
                0x0000000000001400       0xa8 ./Drivers/STM32H7xx_HAL_Driver/Src/stm32h7xx_hal_uart_ex.o

.debug_rnglists
                0x0000000000000000     0x103c
 .debug_rnglists
                0x0000000000000000       0x94 ./Core/Src/main.o
 .debug_rnglists
                0x0000000000000094       0x49 ./Core/Src/stm32h7xx_hal_msp.o
 .debug_rnglists
                0x00000000000000dd       0x79 ./Core/Src/stm32h7xx_it.o
 .debug_rnglists
                0x0000000000000156       0x1b ./Core/Src/system_stm32h7xx.o
 .debug_rnglists
                0x0000000000000171       0x19 ./Core/Startup/startup_stm32h723zgtx.o
 .debug_rnglists
                0x000000000000018a      0x155 ./Drivers/STM32H7xx_HAL_Driver/Src/stm32h7xx_hal.o
 .debug_rnglists
                0x00000000000002df       0xd4 ./Drivers/STM32H7xx_HAL_Driver/Src/stm32h7xx_hal_cortex.o
 .debug_rnglists
                0x00000000000003b3       0x82 ./Drivers/STM32H7xx_HAL_Driver/Src/stm32h7xx_hal_dma.o
 .debug_rnglists
                0x0000000000000435      0x176 ./Drivers/STM32H7xx_HAL_Driver/Src/stm32h7xx_hal_eth.o
 .debug_rnglists
                0x00000000000005ab       0x3f ./Drivers/STM32H7xx_HAL_Driver/Src/stm32h7xx_hal_gpio.o
 .debug_rnglists
                0x00000000000005ea       0xf4 ./Drivers/STM32H7xx_HAL_Driver/Src/stm32h7xx_hal_pwr_ex.o
 .debug_rnglists
                0x00000000000006de       0x68 ./Drivers/STM32H7xx_HAL_Driver/Src/stm32h7xx_hal_rcc.o
 .debug_rnglists
                0x0000000000000746       0xc0 ./Drivers/STM32H7xx_HAL_Driver/Src/stm32h7xx_hal_rcc_ex.o
 .debug_rnglists
                0x0000000000000806      0x148 ./Drivers/STM32H7xx_HAL_Driver/Src/stm32h7xx_hal_spi.o
 .debug_rnglists
                0x000000000000094e      0x328 ./Drivers/STM32H7xx_HAL_Driver/Src/stm32h7xx_hal_tim.o
 .debug_rnglists
                0x0000000000000c76      0x14d ./Drivers/STM32H7xx_HAL_Driver/Src/stm32h7xx_hal_tim_ex.o
 .debug_rnglists
                0x0000000000000dc3      0x1fa ./Drivers/STM32H7xx_HAL_Driver/Src/stm32h7xx_hal_uart.o
 .debug_rnglists
                0x0000000000000fbd       0x7f ./Drivers/STM32H7xx_HAL_Driver/Src/stm32h7xx_hal_uart_ex.o

.debug_macro    0x0000000000000000    0x3430f
 .debug_macro   0x0000000000000000      0x31b ./Core/Src/main.o
 .debug_macro   0x000000000000031b      0xac0 ./Core/Src/main.o
 .debug_macro   0x0000000000000ddb      0x244 ./Core/Src/main.o
 .debug_macro   0x000000000000101f       0x2e ./Core/Src/main.o
 .debug_macro   0x000000000000104d       0x3b ./Core/Src/main.o
 .debug_macro   0x0000000000001088       0x22 ./Core/Src/main.o
 .debug_macro   0x00000000000010aa       0x8e ./Core/Src/main.o
 .debug_macro   0x0000000000001138       0x51 ./Core/Src/main.o
 .debug_macro   0x0000000000001189      0x103 ./Core/Src/main.o
 .debug_macro   0x000000000000128c       0x6a ./Core/Src/main.o
 .debug_macro   0x00000000000012f6      0x1df ./Core/Src/main.o
 .debug_macro   0x00000000000014d5       0x1c ./Core/Src/main.o
 .debug_macro   0x00000000000014f1       0x22 ./Core/Src/main.o
 .debug_macro   0x0000000000001513       0xfb ./Core/Src/main.o
 .debug_macro   0x000000000000160e     0x1305 ./Core/Src/main.o
 .debug_macro   0x0000000000002913      0x11f ./Core/Src/main.o
 .debug_macro   0x0000000000002a32       0x27 ./Core/Src/main.o
 .debug_macro   0x0000000000002a59    0x211d1 ./Core/Src/main.o
 .debug_macro   0x0000000000023c2a       0x6d ./Core/Src/main.o
 .debug_macro   0x0000000000023c97     0x3d48 ./Core/Src/main.o
 .debug_macro   0x00000000000279df      0x174 ./Core/Src/main.o
 .debug_macro   0x0000000000027b53       0x61 ./Core/Src/main.o
 .debug_macro   0x0000000000027bb4       0x29 ./Core/Src/main.o
 .debug_macro   0x0000000000027bdd       0x43 ./Core/Src/main.o
 .debug_macro   0x0000000000027c20       0x34 ./Core/Src/main.o
 .debug_macro   0x0000000000027c54       0x16 ./Core/Src/main.o
 .debug_macro   0x0000000000027c6a       0x43 ./Core/Src/main.o
 .debug_macro   0x0000000000027cad       0x34 ./Core/Src/main.o
 .debug_macro   0x0000000000027ce1       0x10 ./Core/Src/main.o
 .debug_macro   0x0000000000027cf1       0x58 ./Core/Src/main.o
 .debug_macro   0x0000000000027d49       0x8e ./Core/Src/main.o
 .debug_macro   0x0000000000027dd7       0x1c ./Core/Src/main.o
 .debug_macro   0x0000000000027df3      0x177 ./Core/Src/main.o
 .debug_macro   0x0000000000027f6a      0x369 ./Core/Src/main.o
 .debug_macro   0x00000000000282d3      0x19b ./Core/Src/main.o
 .debug_macro   0x000000000002846e       0x5d ./Core/Src/main.o
 .debug_macro   0x00000000000284cb     0x2462 ./Core/Src/main.o
 .debug_macro   0x000000000002a92d     0x1079 ./Core/Src/main.o
 .debug_macro   0x000000000002b9a6      0x154 ./Core/Src/main.o
 .debug_macro   0x000000000002bafa      0x114 ./Core/Src/main.o
 .debug_macro   0x000000000002bc0e      0x3f8 ./Core/Src/main.o
 .debug_macro   0x000000000002c006       0xac ./Core/Src/main.o
 .debug_macro   0x000000000002c0b2      0x788 ./Core/Src/main.o
 .debug_macro   0x000000000002c83a      0x228 ./Core/Src/main.o
 .debug_macro   0x000000000002ca62       0x66 ./Core/Src/main.o
 .debug_macro   0x000000000002cac8      0x3a6 ./Core/Src/main.o
 .debug_macro   0x000000000002ce6e      0xa80 ./Core/Src/main.o
 .debug_macro   0x000000000002d8ee      0x129 ./Core/Src/main.o
 .debug_macro   0x000000000002da17      0x3f9 ./Core/Src/main.o
 .debug_macro   0x000000000002de10      0x275 ./Core/Src/main.o
 .debug_macro   0x000000000002e085      0x3ca ./Core/Src/main.o
 .debug_macro   0x000000000002e44f      0x45c ./Core/Src/main.o
 .debug_macro   0x000000000002e8ab       0x3c ./Core/Src/main.o
 .debug_macro   0x000000000002e8e7       0x4a ./Core/Src/main.o
 .debug_macro   0x000000000002e931      0x22c ./Core/Src/main.o
 .debug_macro   0x000000000002eb5d       0x67 ./Core/Src/main.o
 .debug_macro   0x000000000002ebc4       0xa5 ./Core/Src/main.o
 .debug_macro   0x000000000002ec69      0x1c4 ./Core/Src/main.o
 .debug_macro   0x000000000002ee2d      0x22a ./Core/Src/main.o
 .debug_macro   0x000000000002f057       0x35 ./Core/Src/main.o
 .debug_macro   0x000000000002f08c      0x5e4 ./Core/Src/main.o
 .debug_macro   0x000000000002f670       0xba ./Core/Src/main.o
 .debug_macro   0x000000000002f72a      0xb1d ./Core/Src/main.o
 .debug_macro   0x0000000000030247      0x29f ./Core/Src/main.o
 .debug_macro   0x00000000000304e6      0x693 ./Core/Src/main.o
 .debug_macro   0x0000000000030b79       0xa6 ./Core/Src/main.o
 .debug_macro   0x0000000000030c1f      0x5e6 ./Core/Src/main.o
 .debug_macro   0x0000000000031205      0x136 ./Core/Src/main.o
 .debug_macro   0x000000000003133b       0x16 ./Core/Src/main.o
 .debug_macro   0x0000000000031351       0x35 ./Core/Src/main.o
 .debug_macro   0x0000000000031386       0x20 ./Core/Src/main.o
 .debug_macro   0x00000000000313a6      0x2e5 ./Core/Src/stm32h7xx_hal_msp.o
 .debug_macro   0x000000000003168b      0x2ef ./Core/Src/stm32h7xx_it.o
 .debug_macro   0x000000000003197a      0x2d6 ./Core/Src/system_stm32h7xx.o
 .debug_macro   0x0000000000031c50      0x300 ./Drivers/STM32H7xx_HAL_Driver/Src/stm32h7xx_hal.o
 .debug_macro   0x0000000000031f50      0x2d6 ./Drivers/STM32H7xx_HAL_Driver/Src/stm32h7xx_hal_cortex.o
 .debug_macro   0x0000000000032226      0x32a ./Drivers/STM32H7xx_HAL_Driver/Src/stm32h7xx_hal_dma.o
 .debug_macro   0x0000000000032550      0x36a ./Drivers/STM32H7xx_HAL_Driver/Src/stm32h7xx_hal_eth.o
 .debug_macro   0x00000000000328ba      0x2dd ./Drivers/STM32H7xx_HAL_Driver/Src/stm32h7xx_hal_gpio.o
 .debug_macro   0x0000000000032b97      0x30f ./Drivers/STM32H7xx_HAL_Driver/Src/stm32h7xx_hal_pwr_ex.o
 .debug_macro   0x0000000000032ea6      0x2fa ./Drivers/STM32H7xx_HAL_Driver/Src/stm32h7xx_hal_rcc.o
 .debug_macro   0x00000000000331a0      0x2f4 ./Drivers/STM32H7xx_HAL_Driver/Src/stm32h7xx_hal_rcc_ex.o
 .debug_macro   0x0000000000033494      0x2e5 ./Drivers/STM32H7xx_HAL_Driver/Src/stm32h7xx_hal_spi.o
 .debug_macro   0x0000000000033779      0x2d7 ./Drivers/STM32H7xx_HAL_Driver/Src/stm32h7xx_hal_tim.o
 .debug_macro   0x0000000000033a50      0x2dc ./Drivers/STM32H7xx_HAL_Driver/Src/stm32h7xx_hal_tim_ex.o
 .debug_macro   0x0000000000033d2c      0x301 ./Drivers/STM32H7xx_HAL_Driver/Src/stm32h7xx_hal_uart.o
 .debug_macro   0x000000000003402d      0x2e2 ./Drivers/STM32H7xx_HAL_Driver/Src/stm32h7xx_hal_uart_ex.o

.debug_line     0x0000000000000000    0x1b194
 .debug_line    0x0000000000000000      0xe33 ./Core/Src/main.o
 .debug_line    0x0000000000000e33      0xc10 ./Core/Src/stm32h7xx_hal_msp.o
 .debug_line    0x0000000000001a43      0xae1 ./Core/Src/stm32h7xx_it.o
 .debug_line    0x0000000000002524      0xaeb ./Core/Src/system_stm32h7xx.o
 .debug_line    0x000000000000300f       0x7a ./Core/Startup/startup_stm32h723zgtx.o
 .debug_line    0x0000000000003089      0xf82 ./Drivers/STM32H7xx_HAL_Driver/Src/stm32h7xx_hal.o
 .debug_line    0x000000000000400b      0xefa ./Drivers/STM32H7xx_HAL_Driver/Src/stm32h7xx_hal_cortex.o
 .debug_line    0x0000000000004f05     0x2845 ./Drivers/STM32H7xx_HAL_Driver/Src/stm32h7xx_hal_dma.o
 .debug_line    0x000000000000774a     0x1c38 ./Drivers/STM32H7xx_HAL_Driver/Src/stm32h7xx_hal_eth.o
 .debug_line    0x0000000000009382      0xda3 ./Drivers/STM32H7xx_HAL_Driver/Src/stm32h7xx_hal_gpio.o
 .debug_line    0x000000000000a125      0xf69 ./Drivers/STM32H7xx_HAL_Driver/Src/stm32h7xx_hal_pwr_ex.o
 .debug_line    0x000000000000b08e     0x141b ./Drivers/STM32H7xx_HAL_Driver/Src/stm32h7xx_hal_rcc.o
 .debug_line    0x000000000000c4a9     0x1cd4 ./Drivers/STM32H7xx_HAL_Driver/Src/stm32h7xx_hal_rcc_ex.o
 .debug_line    0x000000000000e17d     0x1ffa ./Drivers/STM32H7xx_HAL_Driver/Src/stm32h7xx_hal_spi.o
 .debug_line    0x0000000000010177     0x40d2 ./Drivers/STM32H7xx_HAL_Driver/Src/stm32h7xx_hal_tim.o
 .debug_line    0x0000000000014249     0x2011 ./Drivers/STM32H7xx_HAL_Driver/Src/stm32h7xx_hal_tim_ex.o
 .debug_line    0x000000000001625a     0x3fa8 ./Drivers/STM32H7xx_HAL_Driver/Src/stm32h7xx_hal_uart.o
 .debug_line    0x000000000001a202      0xf92 ./Drivers/STM32H7xx_HAL_Driver/Src/stm32h7xx_hal_uart_ex.o

.debug_str      0x0000000000000000   0x155dd6
 .debug_str     0x0000000000000000   0x14fb37 ./Core/Src/main.o
                                     0x1501df (size before relaxing)
 .debug_str     0x000000000014fb37      0x414 ./Core/Src/stm32h7xx_hal_msp.o
                                     0x14ffc0 (size before relaxing)
 .debug_str     0x000000000014ff4b      0x1e0 ./Core/Src/stm32h7xx_it.o
                                     0x14e997 (size before relaxing)
 .debug_str     0x000000000015012b      0x29a ./Core/Src/system_stm32h7xx.o
                                     0x14dc10 (size before relaxing)
 .debug_str     0x00000000001503c5       0x34 ./Core/Startup/startup_stm32h723zgtx.o
                                         0x76 (size before relaxing)
 .debug_str     0x00000000001503f9      0x999 ./Drivers/STM32H7xx_HAL_Driver/Src/stm32h7xx_hal.o
                                     0x14ec9a (size before relaxing)
 .debug_str     0x0000000000150d92      0x333 ./Drivers/STM32H7xx_HAL_Driver/Src/stm32h7xx_hal_cortex.o
                                     0x14e57c (size before relaxing)
 .debug_str     0x00000000001510c5      0x89f ./Drivers/STM32H7xx_HAL_Driver/Src/stm32h7xx_hal_dma.o
                                     0x14e3c5 (size before relaxing)
 .debug_str     0x0000000000151964      0xfe5 ./Drivers/STM32H7xx_HAL_Driver/Src/stm32h7xx_hal_eth.o
                                     0x14f4df (size before relaxing)
 .debug_str     0x0000000000152949       0xc0 ./Drivers/STM32H7xx_HAL_Driver/Src/stm32h7xx_hal_gpio.o
                                     0x14dc5b (size before relaxing)
 .debug_str     0x0000000000152a09      0x5ee ./Drivers/STM32H7xx_HAL_Driver/Src/stm32h7xx_hal_pwr_ex.o
                                     0x14e063 (size before relaxing)
 .debug_str     0x0000000000152ff7      0x21a ./Drivers/STM32H7xx_HAL_Driver/Src/stm32h7xx_hal_rcc.o
                                     0x14dfde (size before relaxing)
 .debug_str     0x0000000000153211      0x64b ./Drivers/STM32H7xx_HAL_Driver/Src/stm32h7xx_hal_rcc_ex.o
                                     0x14e4f6 (size before relaxing)
 .debug_str     0x000000000015385c      0x4ec ./Drivers/STM32H7xx_HAL_Driver/Src/stm32h7xx_hal_spi.o
                                     0x14e348 (size before relaxing)
 .debug_str     0x0000000000153d48      0xe1c ./Drivers/STM32H7xx_HAL_Driver/Src/stm32h7xx_hal_tim.o
                                     0x14edcc (size before relaxing)
 .debug_str     0x0000000000154b64      0x684 ./Drivers/STM32H7xx_HAL_Driver/Src/stm32h7xx_hal_tim_ex.o
                                     0x14e789 (size before relaxing)
 .debug_str     0x00000000001551e8      0x994 ./Drivers/STM32H7xx_HAL_Driver/Src/stm32h7xx_hal_uart.o
                                     0x14eb7e (size before relaxing)
 .debug_str     0x0000000000155b7c      0x25a ./Drivers/STM32H7xx_HAL_Driver/Src/stm32h7xx_hal_uart_ex.o
                                     0x14e13e (size before relaxing)

.debug_frame    0x0000000000000000     0x5954
 .debug_frame   0x0000000000000000      0x2b4 ./Core/Src/main.o
 .debug_frame   0x00000000000002b4      0x160 ./Core/Src/stm32h7xx_hal_msp.o
 .debug_frame   0x0000000000000414      0x200 ./Core/Src/stm32h7xx_it.o
 .debug_frame   0x0000000000000614       0x58 ./Core/Src/system_stm32h7xx.o
 .debug_frame   0x000000000000066c      0x760 ./Drivers/STM32H7xx_HAL_Driver/Src/stm32h7xx_hal.o
 .debug_frame   0x0000000000000dcc      0x4b8 ./Drivers/STM32H7xx_HAL_Driver/Src/stm32h7xx_hal_cortex.o
 .debug_frame   0x0000000000001284      0x2b4 ./Drivers/STM32H7xx_HAL_Driver/Src/stm32h7xx_hal_dma.o
 .debug_frame   0x0000000000001538      0x898 ./Drivers/STM32H7xx_HAL_Driver/Src/stm32h7xx_hal_eth.o
 .debug_frame   0x0000000000001dd0      0x14c ./Drivers/STM32H7xx_HAL_Driver/Src/stm32h7xx_hal_gpio.o
 .debug_frame   0x0000000000001f1c      0x540 ./Drivers/STM32H7xx_HAL_Driver/Src/stm32h7xx_hal_pwr_ex.o
 .debug_frame   0x000000000000245c      0x1fc ./Drivers/STM32H7xx_HAL_Driver/Src/stm32h7xx_hal_rcc.o
 .debug_frame   0x0000000000002658      0x414 ./Drivers/STM32H7xx_HAL_Driver/Src/stm32h7xx_hal_rcc_ex.o
 .debug_frame   0x0000000000002a6c      0x7a8 ./Drivers/STM32H7xx_HAL_Driver/Src/stm32h7xx_hal_spi.o
 .debug_frame   0x0000000000003214     0x121c ./Drivers/STM32H7xx_HAL_Driver/Src/stm32h7xx_hal_tim.o
 .debug_frame   0x0000000000004430      0x724 ./Drivers/STM32H7xx_HAL_Driver/Src/stm32h7xx_hal_tim_ex.o
 .debug_frame   0x0000000000004b54      0xa94 ./Drivers/STM32H7xx_HAL_Driver/Src/stm32h7xx_hal_uart.o
 .debug_frame   0x00000000000055e8      0x2c0 ./Drivers/STM32H7xx_HAL_Driver/Src/stm32h7xx_hal_uart_ex.o
 .debug_frame   0x00000000000058a8       0x20 C:/ST/STM32CubeIDE_1.14.1/STM32CubeIDE/plugins/com.st.stm32cube.ide.mcu.externaltools.gnu-tools-for-stm32.11.3.rel1.win32_1.1.100.202309141235/tools/bin/../lib/gcc/arm-none-eabi/11.3.1/../../../../arm-none-eabi/lib/thumb/v7e-m+dp/hard\libc_nano.a(libc_a-memset.o)
 .debug_frame   0x00000000000058c8       0x2c C:/ST/STM32CubeIDE_1.14.1/STM32CubeIDE/plugins/com.st.stm32cube.ide.mcu.externaltools.gnu-tools-for-stm32.11.3.rel1.win32_1.1.100.202309141235/tools/bin/../lib/gcc/arm-none-eabi/11.3.1/../../../../arm-none-eabi/lib/thumb/v7e-m+dp/hard\libc_nano.a(libc_a-init.o)
 .debug_frame   0x00000000000058f4       0x2c C:/ST/STM32CubeIDE_1.14.1/STM32CubeIDE/plugins/com.st.stm32cube.ide.mcu.externaltools.gnu-tools-for-stm32.11.3.rel1.win32_1.1.100.202309141235/tools/bin/../lib/gcc/arm-none-eabi/11.3.1/thumb/v7e-m+dp/hard\libgcc.a(_aeabi_uldivmod.o)
 .debug_frame   0x0000000000005920       0x34 C:/ST/STM32CubeIDE_1.14.1/STM32CubeIDE/plugins/com.st.stm32cube.ide.mcu.externaltools.gnu-tools-for-stm32.11.3.rel1.win32_1.1.100.202309141235/tools/bin/../lib/gcc/arm-none-eabi/11.3.1/thumb/v7e-m+dp/hard\libgcc.a(_udivmoddi4.o)

.debug_line_str
                0x0000000000000000       0x6a
 .debug_line_str
                0x0000000000000000       0x6a ./Core/Startup/startup_stm32h723zgtx.o
                                         0x82 (size before relaxing)
