../Core/Src/main.c:701:5:main	8	static
../Core/Src/main.c:781:6:SystemClock_Config	120	static
../Core/Src/main.c:841:13:MX_ETH_Init	8	static
../Core/Src/main.c:890:13:MX_SPI1_Init	8	static
../Core/Src/main.c:938:13:MX_SPI5_Init	8	static
../Core/Src/main.c:986:13:MX_TIM16_Init	8	static
../Core/Src/main.c:1018:13:MX_USART1_UART_Init	8	static
../Core/Src/main.c:1066:13:MX_USART2_UART_Init	8	static
../Core/Src/main.c:1114:13:MX_USART3_UART_Init	8	static
../Core/Src/main.c:1162:13:MX_USART6_UART_Init	8	static
../Core/Src/main.c:1210:13:MX_USB_OTG_HS_USB_Init	4	static
../Core/Src/main.c:1229:13:MX_DMA_Init	16	static
../Core/Src/main.c:1247:13:MX_GPIO_Init	64	static
../Core/Src/main.c:1325:6:InitFifo	4	static
../Core/Src/main.c:1333:5:PutFifo1	24	static
../Core/Src/main.c:1358:5:GetFifo1	24	static
../Core/Src/main.c:1374:5:PutFifo2	24	static
../Core/Src/main.c:1399:5:GetFifo2	24	static
../Core/Src/main.c:1415:5:PutFifo3	24	static
../Core/Src/main.c:1440:5:GetFifo3	24	static
../Core/Src/main.c:1456:5:PutFifo6	24	static
../Core/Src/main.c:1481:5:GetFifo6	24	static
../Core/Src/main.c:1498:6:HAL_TIM_PeriodElapsedCallback	120	static,ignoring_inline_asm
../Core/Src/main.c:1556:6:HAL_SPI_TxCpltCallback	16	static,ignoring_inline_asm
../Core/Src/main.c:1581:6:HAL_UART_RxCpltCallback	32	static
../Core/Src/main.c:1617:6:processUartData	64	static
../Core/Src/main.c:1754:6:CC1200_Reset	8	static
../Core/Src/main.c:1782:6:CC1200_Init	24	static
../Core/Src/main.c:1816:6:CC1200_Offset	16	static
../Core/Src/main.c:1833:6:CC1200_BurstModeIncr	16	static
../Core/Src/main.c:1849:6:CC1200_RXMode	8	static
../Core/Src/main.c:1860:6:CC1200_TXMode	8	static
../Core/Src/main.c:1871:6:CC1200_RXStart	16	static
../Core/Src/main.c:1880:6:CC1200_TXStart	16	static
../Core/Src/main.c:1890:6:CC1200_TXRXEnd	8	static
../Core/Src/main.c:1896:6:CC1200_SetFreq	24	static
../Core/Src/main.c:1916:6:CC1200_SetPwr	16	static
../Core/Src/main.c:1931:6:resetUartState	24	static
../Core/Src/main.c:1947:6:Error_Handler	4	static,ignoring_inline_asm
