../Core/Src/main.c:702:5:main	8	static
../Core/Src/main.c:782:6:SystemClock_Config	120	static
../Core/Src/main.c:842:13:MX_ETH_Init	8	static
../Core/Src/main.c:891:13:MX_SPI1_Init	8	static
../Core/Src/main.c:939:13:MX_SPI5_Init	8	static
../Core/Src/main.c:987:13:MX_TIM16_Init	8	static
../Core/Src/main.c:1019:13:MX_USART1_UART_Init	8	static
../Core/Src/main.c:1067:13:MX_USART2_UART_Init	8	static
../Core/Src/main.c:1115:13:MX_USART3_UART_Init	8	static
../Core/Src/main.c:1163:13:MX_USART6_UART_Init	8	static
../Core/Src/main.c:1211:13:MX_USB_OTG_HS_USB_Init	4	static
../Core/Src/main.c:1230:13:MX_DMA_Init	16	static
../Core/Src/main.c:1248:13:MX_GPIO_Init	64	static
../Core/Src/main.c:1326:6:InitFifo	4	static
../Core/Src/main.c:1334:5:PutFifo1	24	static
../Core/Src/main.c:1359:5:GetFifo1	24	static
../Core/Src/main.c:1375:5:PutFifo2	24	static
../Core/Src/main.c:1400:5:GetFifo2	24	static
../Core/Src/main.c:1416:5:PutFifo3	24	static
../Core/Src/main.c:1441:5:GetFifo3	24	static
../Core/Src/main.c:1457:5:PutFifo6	24	static
../Core/Src/main.c:1482:5:GetFifo6	24	static
../Core/Src/main.c:1499:6:HAL_TIM_PeriodElapsedCallback	120	static,ignoring_inline_asm
../Core/Src/main.c:1557:6:HAL_SPI_TxCpltCallback	16	static,ignoring_inline_asm
../Core/Src/main.c:1580:6:HAL_UART_RxCpltCallback	32	static
../Core/Src/main.c:1616:6:processUartData	72	static
../Core/Src/main.c:1748:6:CC1200_Reset	8	static
../Core/Src/main.c:1776:6:CC1200_Init	24	static
../Core/Src/main.c:1810:6:CC1200_Offset	16	static
../Core/Src/main.c:1827:6:CC1200_BurstModeIncr	16	static
../Core/Src/main.c:1843:6:CC1200_RXMode	8	static
../Core/Src/main.c:1854:6:CC1200_TXMode	8	static
../Core/Src/main.c:1865:6:CC1200_RXStart	16	static
../Core/Src/main.c:1874:6:CC1200_TXStart	16	static
../Core/Src/main.c:1884:6:CC1200_TXRXEnd	8	static
../Core/Src/main.c:1890:6:CC1200_SetFreq	24	static
../Core/Src/main.c:1910:6:CC1200_SetPwr	16	static
../Core/Src/main.c:1925:6:resetUartState	24	static
../Core/Src/main.c:1941:6:Error_Handler	4	static,ignoring_inline_asm
