../Core/Src/main.c:122:5:main	8	static
../Core/Src/main.c:205:6:SystemClock_Config	120	static
../Core/Src/main.c:265:13:MX_ETH_Init	8	static
../Core/Src/main.c:314:13:MX_SPI1_Init	8	static
../Core/Src/main.c:362:13:MX_TIM16_Init	8	static
../Core/Src/main.c:394:13:MX_TIM17_Init	8	static
../Core/Src/main.c:426:13:MX_USART1_UART_Init	8	static
../Core/Src/main.c:474:13:MX_USART3_UART_Init	8	static
../Core/Src/main.c:522:13:MX_USART6_UART_Init	8	static
../Core/Src/main.c:570:13:MX_USB_OTG_HS_USB_Init	4	static
../Core/Src/main.c:589:13:MX_DMA_Init	16	static
../Core/Src/main.c:613:13:MX_GPIO_Init	56	static
../Core/Src/main.c:694:6:HAL_UART_RxCpltCallback	24	static
../Core/Src/main.c:713:6:HAL_SPI_TxCpltCallback	16	static
../Core/Src/main.c:718:6:InitFifo	4	static
../Core/Src/main.c:725:5:PutFifo	24	static
../Core/Src/main.c:751:5:GetFifo	16	static
../Core/Src/main.c:767:6:HAL_TIM_PeriodElapsedHalfCpltCallback	16	static,ignoring_inline_asm
../Core/Src/main.c:771:6:HAL_TIM_PeriodElaspsedCallback	16	static,ignoring_inline_asm
../Core/Src/main.c:781:6:test	8	static
../Core/Src/main.c:793:6:Error_Handler	4	static,ignoring_inline_asm
