../Core/Src/main.c:99:6:HAL_UART_RxCpltCallback	32	static
../Core/Src/main.c:188:6:resetState	8	static
../Core/Src/main.c:199:5:validateCRC	16	static
../Core/Src/main.c:204:6:processData	120	static
../Core/Src/main.c:253:5:main	8	static
../Core/Src/main.c:299:6:SystemClock_Config	88	static
../Core/Src/main.c:341:13:MX_USART2_UART_Init	8	static
../Core/Src/main.c:374:13:MX_USART3_UART_Init	8	static
../Core/Src/main.c:407:13:MX_GPIO_Init	40	static
../Core/Src/main.c:440:6:Error_Handler	4	static,ignoring_inline_asm
