../Core/Src/main.c:91:6:HAL_UART_RxCpltCallback	16	static
../Core/Src/main.c:109:6:ParsePacket	16	static
../Core/Src/main.c:114:9:CalculateCRC	24	static
../Core/Src/main.c:122:6:ValidatePacket	24	static
../Core/Src/main.c:136:5:main	8	static
../Core/Src/main.c:192:6:SystemClock_Config	88	static
../Core/Src/main.c:234:13:MX_USART1_UART_Init	8	static
../Core/Src/main.c:267:13:MX_USART2_UART_Init	8	static
../Core/Src/main.c:300:13:MX_GPIO_Init	40	static
../Core/Src/main.c:332:6:Error_Handler	4	static,ignoring_inline_asm
