../Core/Src/main.c:133:6:HAL_UART_RxCpltCallback	7
../Core/Src/main.c:159:6:processUartData	17
../Core/Src/main.c:258:6:resetUartState	1
../Core/Src/main.c:268:5:validateCRC	1
../Core/Src/main.c:273:6:printData	6
../Core/Src/main.c:337:6:unpackData	1
../Core/Src/main.c:357:5:main	1
../Core/Src/main.c:407:6:SystemClock_Config	3
../Core/Src/main.c:449:13:MX_UART4_Init	2
../Core/Src/main.c:482:13:MX_UART5_Init	2
../Core/Src/main.c:515:13:MX_USART1_UART_Init	2
../Core/Src/main.c:548:13:MX_USART2_UART_Init	2
../Core/Src/main.c:581:13:MX_USART3_UART_Init	2
../Core/Src/main.c:614:13:MX_GPIO_Init	1
../Core/Src/main.c:648:6:Error_Handler	1
