../Core/Src/main.c:125:6:HAL_UART_RxCpltCallback	5
../Core/Src/main.c:142:6:processUartData	16
../Core/Src/main.c:238:6:resetUartState	1
../Core/Src/main.c:248:5:validateCRC	1
../Core/Src/main.c:253:6:printData	5
../Core/Src/main.c:312:6:unpackData	1
../Core/Src/main.c:332:5:main	1
../Core/Src/main.c:382:6:SystemClock_Config	3
../Core/Src/main.c:424:13:MX_UART4_Init	2
../Core/Src/main.c:457:13:MX_UART5_Init	2
../Core/Src/main.c:490:13:MX_USART1_UART_Init	2
../Core/Src/main.c:523:13:MX_USART2_UART_Init	2
../Core/Src/main.c:556:13:MX_USART3_UART_Init	2
../Core/Src/main.c:589:13:MX_GPIO_Init	1
../Core/Src/main.c:623:6:Error_Handler	1
